2025-09-14T20:56:09.1260803Z Current runner version: '2.328.0'
2025-09-14T20:56:09.1295164Z ##[group]Runner Image Provisioner
2025-09-14T20:56:09.1296422Z Hosted Compute Agent
2025-09-14T20:56:09.1297266Z Version: 20250829.383
2025-09-14T20:56:09.1298396Z Commit: 27cb235aab5b0e52e153a26cd86b4742e89dac5d
2025-09-14T20:56:09.1299641Z Build Date: 2025-08-29T13:48:48Z
2025-09-14T20:56:09.1300618Z ##[endgroup]
2025-09-14T20:56:09.1301663Z ##[group]Operating System
2025-09-14T20:56:09.1302542Z Ubuntu
2025-09-14T20:56:09.1303311Z 24.04.3
2025-09-14T20:56:09.1304432Z LTS
2025-09-14T20:56:09.1305215Z ##[endgroup]
2025-09-14T20:56:09.1306133Z ##[group]Runner Image
2025-09-14T20:56:09.1306988Z Image: ubuntu-24.04
2025-09-14T20:56:09.1308086Z Version: 20250907.24.1
2025-09-14T20:56:09.1309885Z Included Software: https://github.com/actions/runner-images/blob/ubuntu24/20250907.24/images/ubuntu/Ubuntu2404-Readme.md
2025-09-14T20:56:09.1312507Z Image Release: https://github.com/actions/runner-images/releases/tag/ubuntu24%2F20250907.24
2025-09-14T20:56:09.1314416Z ##[endgroup]
2025-09-14T20:56:09.1316376Z ##[group]GITHUB_TOKEN Permissions
2025-09-14T20:56:09.1319196Z Actions: read
2025-09-14T20:56:09.1320344Z Contents: read
2025-09-14T20:56:09.1321273Z Metadata: read
2025-09-14T20:56:09.1322087Z ##[endgroup]
2025-09-14T20:56:09.1325231Z Secret source: Actions
2025-09-14T20:56:09.1326415Z Prepare workflow directory
2025-09-14T20:56:09.1790599Z Prepare all required actions
2025-09-14T20:56:09.1847779Z Getting action download info
2025-09-14T20:56:09.4927670Z Download action repository 'actions/checkout@v4' (SHA:08eba0b27e820071cde6df949e0beb9ba4906955)
2025-09-14T20:56:09.5735892Z Download action repository 'replicate/setup-cog@v2' (SHA:8a5fea3c1818b6950dcf8027285f5a9b447c0c4a)
2025-09-14T20:56:09.9061788Z Getting action download info
2025-09-14T20:56:10.1099886Z Download action repository 'docker/setup-buildx-action@d70bba72b1f3fd22344832f00baa16ece964efeb' (SHA:d70bba72b1f3fd22344832f00baa16ece964efeb)
2025-09-14T20:56:10.4663752Z Download action repository 'Jimver/cuda-toolkit@dc0ca7bb29c5a92f7a963d3d5c93f8d59765136a' (SHA:dc0ca7bb29c5a92f7a963d3d5c93f8d59765136a)
2025-09-14T20:56:11.1335133Z Complete job name: push_to_replicate
2025-09-14T20:56:11.2025482Z ##[group]Run actions/checkout@v4
2025-09-14T20:56:11.2026308Z with:
2025-09-14T20:56:11.2026806Z   repository: panpetos/guillotine-inpaint
2025-09-14T20:56:11.2027375Z   token: ***
2025-09-14T20:56:11.2027655Z   ssh-strict: true
2025-09-14T20:56:11.2027946Z   ssh-user: git
2025-09-14T20:56:11.2028251Z   persist-credentials: true
2025-09-14T20:56:11.2028609Z   clean: true
2025-09-14T20:56:11.2028905Z   sparse-checkout-cone-mode: true
2025-09-14T20:56:11.2029262Z   fetch-depth: 1
2025-09-14T20:56:11.2029549Z   fetch-tags: false
2025-09-14T20:56:11.2029855Z   show-progress: true
2025-09-14T20:56:11.2030162Z   lfs: false
2025-09-14T20:56:11.2030431Z   submodules: false
2025-09-14T20:56:11.2030730Z   set-safe-directory: true
2025-09-14T20:56:11.2031293Z ##[endgroup]
2025-09-14T20:56:11.3095173Z Syncing repository: panpetos/guillotine-inpaint
2025-09-14T20:56:11.3096834Z ##[group]Getting Git version info
2025-09-14T20:56:11.3097511Z Working directory is '/home/runner/work/guillotine-inpaint/guillotine-inpaint'
2025-09-14T20:56:11.3098317Z [command]/usr/bin/git version
2025-09-14T20:56:11.3135597Z git version 2.51.0
2025-09-14T20:56:11.3161417Z ##[endgroup]
2025-09-14T20:56:11.3175977Z Temporarily overriding HOME='/home/runner/work/_temp/8d748a5d-6d2b-4877-a1ff-527aca8f072e' before making global git config changes
2025-09-14T20:56:11.3177143Z Adding repository directory to the temporary git global config as a safe directory
2025-09-14T20:56:11.3189036Z [command]/usr/bin/git config --global --add safe.directory /home/runner/work/guillotine-inpaint/guillotine-inpaint
2025-09-14T20:56:11.3223009Z Deleting the contents of '/home/runner/work/guillotine-inpaint/guillotine-inpaint'
2025-09-14T20:56:11.3226892Z ##[group]Initializing the repository
2025-09-14T20:56:11.3230775Z [command]/usr/bin/git init /home/runner/work/guillotine-inpaint/guillotine-inpaint
2025-09-14T20:56:11.3298246Z hint: Using 'master' as the name for the initial branch. This default branch name
2025-09-14T20:56:11.3299435Z hint: is subject to change. To configure the initial branch name to use in all
2025-09-14T20:56:11.3300438Z hint: of your new repositories, which will suppress this warning, call:
2025-09-14T20:56:11.3301233Z hint:
2025-09-14T20:56:11.3302031Z hint: 	git config --global init.defaultBranch <name>
2025-09-14T20:56:11.3302441Z hint:
2025-09-14T20:56:11.3305087Z hint: Names commonly chosen instead of 'master' are 'main', 'trunk' and
2025-09-14T20:56:11.3306151Z hint: 'development'. The just-created branch can be renamed via this command:
2025-09-14T20:56:11.3306920Z hint:
2025-09-14T20:56:11.3307386Z hint: 	git branch -m <name>
2025-09-14T20:56:11.3307884Z hint:
2025-09-14T20:56:11.3308561Z hint: Disable this message with "git config set advice.defaultBranchName false"
2025-09-14T20:56:11.3309532Z Initialized empty Git repository in /home/runner/work/guillotine-inpaint/guillotine-inpaint/.git/
2025-09-14T20:56:11.3314568Z [command]/usr/bin/git remote add origin https://github.com/panpetos/guillotine-inpaint
2025-09-14T20:56:11.3349838Z ##[endgroup]
2025-09-14T20:56:11.3350753Z ##[group]Disabling automatic garbage collection
2025-09-14T20:56:11.3354819Z [command]/usr/bin/git config --local gc.auto 0
2025-09-14T20:56:11.3384601Z ##[endgroup]
2025-09-14T20:56:11.3385521Z ##[group]Setting up auth
2025-09-14T20:56:11.3392280Z [command]/usr/bin/git config --local --name-only --get-regexp core\.sshCommand
2025-09-14T20:56:11.3422498Z [command]/usr/bin/git submodule foreach --recursive sh -c "git config --local --name-only --get-regexp 'core\.sshCommand' && git config --local --unset-all 'core.sshCommand' || :"
2025-09-14T20:56:11.3712057Z [command]/usr/bin/git config --local --name-only --get-regexp http\.https\:\/\/github\.com\/\.extraheader
2025-09-14T20:56:11.3742572Z [command]/usr/bin/git submodule foreach --recursive sh -c "git config --local --name-only --get-regexp 'http\.https\:\/\/github\.com\/\.extraheader' && git config --local --unset-all 'http.https://github.com/.extraheader' || :"
2025-09-14T20:56:11.3965157Z [command]/usr/bin/git config --local http.https://github.com/.extraheader AUTHORIZATION: basic ***
2025-09-14T20:56:11.4000367Z ##[endgroup]
2025-09-14T20:56:11.4018334Z ##[group]Fetching the repository
2025-09-14T20:56:11.4019392Z [command]/usr/bin/git -c protocol.version=2 fetch --no-tags --prune --no-recurse-submodules --depth=1 origin +0c89a8a63ba93cddb56ac642b4b6d41b3321ed35:refs/remotes/origin/main
2025-09-14T20:56:11.5685796Z From https://github.com/panpetos/guillotine-inpaint
2025-09-14T20:56:11.5687358Z  * [new ref]         0c89a8a63ba93cddb56ac642b4b6d41b3321ed35 -> origin/main
2025-09-14T20:56:11.5718467Z ##[endgroup]
2025-09-14T20:56:11.5719285Z ##[group]Determining the checkout info
2025-09-14T20:56:11.5721126Z ##[endgroup]
2025-09-14T20:56:11.5727580Z [command]/usr/bin/git sparse-checkout disable
2025-09-14T20:56:11.5767921Z [command]/usr/bin/git config --local --unset-all extensions.worktreeConfig
2025-09-14T20:56:11.5797831Z ##[group]Checking out the ref
2025-09-14T20:56:11.5802083Z [command]/usr/bin/git checkout --progress --force -B main refs/remotes/origin/main
2025-09-14T20:56:11.5847481Z Switched to a new branch 'main'
2025-09-14T20:56:11.5850769Z branch 'main' set up to track 'origin/main'.
2025-09-14T20:56:11.5857248Z ##[endgroup]
2025-09-14T20:56:11.5893809Z [command]/usr/bin/git log -1 --format=%H
2025-09-14T20:56:11.5917132Z 0c89a8a63ba93cddb56ac642b4b6d41b3321ed35
2025-09-14T20:56:11.6117296Z ##[group]Run echo "Repo: $GITHUB_REPOSITORY"
2025-09-14T20:56:11.6117757Z [36;1mecho "Repo: $GITHUB_REPOSITORY"[0m
2025-09-14T20:56:11.6118077Z [36;1mecho "Actor: $GITHUB_ACTOR"[0m
2025-09-14T20:56:11.6118372Z [36;1mecho "Ref: $GITHUB_REF"[0m
2025-09-14T20:56:11.6118765Z [36;1mecho "Inputs.model_name: 'r8.im/panpetos/guillotine-inpaint'"[0m
2025-09-14T20:56:11.6119149Z [36;1mecho "Files:"[0m
2025-09-14T20:56:11.6119653Z [36;1mls -la[0m
2025-09-14T20:56:11.6119881Z [36;1mecho ".cog exists?"[0m
2025-09-14T20:56:11.6120144Z [36;1mls -la .cog || true[0m
2025-09-14T20:56:11.6172842Z shell: /usr/bin/bash -e {0}
2025-09-14T20:56:11.6173153Z ##[endgroup]
2025-09-14T20:56:11.6243021Z Repo: panpetos/guillotine-inpaint
2025-09-14T20:56:11.6243784Z Actor: panpetos
2025-09-14T20:56:11.6244175Z Ref: refs/heads/main
2025-09-14T20:56:11.6244686Z Inputs.model_name: 'r8.im/panpetos/guillotine-inpaint'
2025-09-14T20:56:11.6245234Z Files:
2025-09-14T20:56:11.6257280Z total 36
2025-09-14T20:56:11.6257696Z drwxr-xr-x 4 runner runner 4096 Sep 14 20:56 .
2025-09-14T20:56:11.6258078Z drwxr-xr-x 3 runner runner 4096 Sep 14 20:56 ..
2025-09-14T20:56:11.6258459Z -rw-r--r-- 1 runner runner   90 Sep 14 20:56 .dockerignore
2025-09-14T20:56:11.6258870Z drwxr-xr-x 7 runner runner 4096 Sep 14 20:56 .git
2025-09-14T20:56:11.6259463Z drwxr-xr-x 3 runner runner 4096 Sep 14 20:56 .github
2025-09-14T20:56:11.6260017Z -rw-r--r-- 1 runner runner   26 Sep 14 20:56 .gitignore
2025-09-14T20:56:11.6260671Z -rw-r--r-- 1 runner runner  110 Sep 14 20:56 cog.yaml
2025-09-14T20:56:11.6261294Z -rw-r--r-- 1 runner runner 1345 Sep 14 20:56 predict.py
2025-09-14T20:56:11.6264137Z -rw-r--r-- 1 runner runner  155 Sep 14 20:56 requirements.model.txt
2025-09-14T20:56:11.6264559Z .cog exists?
2025-09-14T20:56:11.6270837Z ls: cannot access '.cog': No such file or directory
2025-09-14T20:56:11.6342006Z ##[group]Run replicate/setup-cog@v2
2025-09-14T20:56:11.6342336Z with:
2025-09-14T20:56:11.6342691Z   token: ***
2025-09-14T20:56:11.6342909Z   cog-version: v0.16.7
2025-09-14T20:56:11.6343148Z   install-cuda: false
2025-09-14T20:56:11.6343376Z ##[endgroup]
2025-09-14T20:56:11.6450739Z ##[group]Run docker/setup-buildx-action@d70bba72b1f3fd22344832f00baa16ece964efeb
2025-09-14T20:56:11.6451346Z with:
2025-09-14T20:56:11.6451650Z   driver: docker
2025-09-14T20:56:11.6452176Z   buildkitd-flags: --allow-insecure-entitlement security.insecure --allow-insecure-entitlement network.host
2025-09-14T20:56:11.6452878Z   install: false
2025-09-14T20:56:11.6453162Z   use: true
2025-09-14T20:56:11.6453482Z   cache-binary: true
2025-09-14T20:56:11.6454157Z   cleanup: true
2025-09-14T20:56:11.6454445Z ##[endgroup]
2025-09-14T20:56:11.8744048Z ##[group]Docker info
2025-09-14T20:56:11.8759272Z [command]/usr/bin/docker version
2025-09-14T20:56:11.8963458Z Client: Docker Engine - Community
2025-09-14T20:56:11.8965366Z  Version:           28.0.4
2025-09-14T20:56:11.8966031Z  API version:       1.48
2025-09-14T20:56:11.9001962Z  Go version:        go1.23.7
2025-09-14T20:56:11.9002610Z  Git commit:        b8034c0
2025-09-14T20:56:11.9003261Z  Built:             Tue Mar 25 15:07:16 2025
2025-09-14T20:56:11.9003955Z  OS/Arch:           linux/amd64
2025-09-14T20:56:11.9004407Z  Context:           default
2025-09-14T20:56:11.9004685Z 
2025-09-14T20:56:11.9004879Z Server: Docker Engine - Community
2025-09-14T20:56:11.9005220Z  Engine:
2025-09-14T20:56:11.9005442Z   Version:          28.0.4
2025-09-14T20:56:11.9005806Z   API version:      1.48 (minimum version 1.24)
2025-09-14T20:56:11.9006143Z   Go version:       go1.23.7
2025-09-14T20:56:11.9006405Z   Git commit:       6430e49
2025-09-14T20:56:11.9006701Z   Built:            Tue Mar 25 15:07:16 2025
2025-09-14T20:56:11.9007008Z   OS/Arch:          linux/amd64
2025-09-14T20:56:11.9007281Z   Experimental:     false
2025-09-14T20:56:11.9007542Z  containerd:
2025-09-14T20:56:11.9007771Z   Version:          1.7.27
2025-09-14T20:56:11.9008086Z   GitCommit:        05044ec0a9a75232cad458027ca83437aae3f4da
2025-09-14T20:56:11.9008415Z  runc:
2025-09-14T20:56:11.9008650Z   Version:          1.2.5
2025-09-14T20:56:11.9008905Z   GitCommit:        v1.2.5-0-g59923ef
2025-09-14T20:56:11.9009183Z  docker-init:
2025-09-14T20:56:11.9009450Z   Version:          0.19.0
2025-09-14T20:56:11.9009831Z   GitCommit:        de40ad0
2025-09-14T20:56:11.9010810Z [command]/usr/bin/docker info
2025-09-14T20:56:14.7320686Z Client: Docker Engine - Community
2025-09-14T20:56:14.7321987Z  Version:    28.0.4
2025-09-14T20:56:14.7322945Z  Context:    default
2025-09-14T20:56:14.7323416Z  Debug Mode: false
2025-09-14T20:56:14.7324071Z  Plugins:
2025-09-14T20:56:14.7324483Z   buildx: Docker Buildx (Docker Inc.)
2025-09-14T20:56:14.7324993Z     Version:  v0.28.0
2025-09-14T20:56:14.7325620Z     Path:     /usr/libexec/docker/cli-plugins/docker-buildx
2025-09-14T20:56:14.7326330Z   compose: Docker Compose (Docker Inc.)
2025-09-14T20:56:14.7326893Z     Version:  v2.38.2
2025-09-14T20:56:14.7327351Z     Path:     /usr/libexec/docker/cli-plugins/docker-compose
2025-09-14T20:56:14.7327751Z 
2025-09-14T20:56:14.7327884Z Server:
2025-09-14T20:56:14.7328169Z  Containers: 0
2025-09-14T20:56:14.7328696Z   Running: 0
2025-09-14T20:56:14.7329188Z   Paused: 0
2025-09-14T20:56:14.7329497Z   Stopped: 0
2025-09-14T20:56:14.7329822Z  Images: 0
2025-09-14T20:56:14.7330127Z  Server Version: 28.0.4
2025-09-14T20:56:14.7330519Z  Storage Driver: overlay2
2025-09-14T20:56:14.7330909Z   Backing Filesystem: extfs
2025-09-14T20:56:14.7331326Z   Supports d_type: true
2025-09-14T20:56:14.7331704Z   Using metacopy: false
2025-09-14T20:56:14.7332066Z   Native Overlay Diff: false
2025-09-14T20:56:14.7332442Z   userxattr: false
2025-09-14T20:56:14.7332841Z  Logging Driver: json-file
2025-09-14T20:56:14.7333218Z  Cgroup Driver: systemd
2025-09-14T20:56:14.7334051Z  Cgroup Version: 2
2025-09-14T20:56:14.7334419Z  Plugins:
2025-09-14T20:56:14.7335164Z   Volume: local
2025-09-14T20:56:14.7335690Z   Network: bridge host ipvlan macvlan null overlay
2025-09-14T20:56:14.7336438Z   Log: awslogs fluentd gcplogs gelf journald json-file local splunk syslog
2025-09-14T20:56:14.7337053Z  Swarm: inactive
2025-09-14T20:56:14.7337440Z  Runtimes: io.containerd.runc.v2 runc
2025-09-14T20:56:14.7337938Z  Default Runtime: runc
2025-09-14T20:56:14.7338327Z  Init Binary: docker-init
2025-09-14T20:56:14.7338834Z  containerd version: 05044ec0a9a75232cad458027ca83437aae3f4da
2025-09-14T20:56:14.7339380Z  runc version: v1.2.5-0-g59923ef
2025-09-14T20:56:14.7339789Z  init version: de40ad0
2025-09-14T20:56:14.7340168Z  Security Options:
2025-09-14T20:56:14.7340500Z   apparmor
2025-09-14T20:56:14.7340813Z   seccomp
2025-09-14T20:56:14.7341112Z    Profile: builtin
2025-09-14T20:56:14.7341449Z   cgroupns
2025-09-14T20:56:14.7341784Z  Kernel Version: 6.11.0-1018-azure
2025-09-14T20:56:14.7342221Z  Operating System: Ubuntu 24.04.3 LTS
2025-09-14T20:56:14.7342672Z  OSType: linux
2025-09-14T20:56:14.7342987Z  Architecture: x86_64
2025-09-14T20:56:14.7343331Z  CPUs: 4
2025-09-14T20:56:14.7343858Z  Total Memory: 15.62GiB
2025-09-14T20:56:14.7344237Z  Name: runnervmf4ws1
2025-09-14T20:56:14.7344618Z  ID: 80b0c887-f378-498c-94b8-5e260688697c
2025-09-14T20:56:14.7345065Z  Docker Root Dir: /var/lib/docker
2025-09-14T20:56:14.7345471Z  Debug Mode: false
2025-09-14T20:56:14.7345848Z  Username: githubactions
2025-09-14T20:56:14.7346233Z  Experimental: false
2025-09-14T20:56:14.7346591Z  Insecure Registries:
2025-09-14T20:56:14.7351872Z   ::1/128
2025-09-14T20:56:14.7352102Z   127.0.0.0/8
2025-09-14T20:56:14.7352330Z  Live Restore Enabled: false
2025-09-14T20:56:14.7352490Z 
2025-09-14T20:56:14.7353062Z ##[endgroup]
2025-09-14T20:56:14.8953467Z ##[group]Buildx version
2025-09-14T20:56:14.8987247Z [command]/usr/bin/docker buildx version
2025-09-14T20:56:14.9601556Z github.com/docker/buildx v0.28.0 b1281b81bba797b21d9eaf256e6a13eb14419836
2025-09-14T20:56:14.9639083Z ##[endgroup]
2025-09-14T20:56:14.9647603Z ##[group]Booting builder
2025-09-14T20:56:15.0272185Z [command]/usr/bin/docker buildx inspect --bootstrap --builder default
2025-09-14T20:56:15.1486381Z Name:   default
2025-09-14T20:56:15.1486761Z Driver: docker
2025-09-14T20:56:15.1486975Z 
2025-09-14T20:56:15.1487093Z Nodes:
2025-09-14T20:56:15.1487366Z Name:             default
2025-09-14T20:56:15.1487762Z Endpoint:         default
2025-09-14T20:56:15.1488109Z Status:           running
2025-09-14T20:56:15.1488451Z BuildKit version: v0.20.2
2025-09-14T20:56:15.1488952Z Platforms:        linux/amd64, linux/amd64/v2, linux/amd64/v3, linux/386
2025-09-14T20:56:15.1489798Z Labels:
2025-09-14T20:56:15.1490271Z  org.mobyproject.buildkit.worker.moby.host-gateway-ip: 172.17.0.1
2025-09-14T20:56:15.1525897Z ##[endgroup]
2025-09-14T20:56:15.2192233Z ##[group]Inspect builder
2025-09-14T20:56:15.2192835Z {
2025-09-14T20:56:15.2193109Z   "nodes": [
2025-09-14T20:56:15.2193558Z     {
2025-09-14T20:56:15.2194182Z       "name": "default",
2025-09-14T20:56:15.2194672Z       "endpoint": "default",
2025-09-14T20:56:15.2195166Z       "status": "running",
2025-09-14T20:56:15.2195667Z       "buildkit": "v0.20.2",
2025-09-14T20:56:15.2196284Z       "platforms": "linux/amd64,linux/amd64/v2,linux/amd64/v3,linux/386",
2025-09-14T20:56:15.2196954Z       "features": {
2025-09-14T20:56:15.2197449Z         "Automatically load images to the Docker Engine image store": true,
2025-09-14T20:56:15.2198104Z         "Cache export": true,
2025-09-14T20:56:15.2198482Z         "Direct push": true,
2025-09-14T20:56:15.2198964Z         "Docker exporter": true,
2025-09-14T20:56:15.2199502Z         "Multi-platform build": true,
2025-09-14T20:56:15.2200021Z         "OCI exporter": true
2025-09-14T20:56:15.2200491Z       },
2025-09-14T20:56:15.2200876Z       "labels": {
2025-09-14T20:56:15.2201583Z         "org.mobyproject.buildkit.worker.moby.host-gateway-ip": "172.17.0.1"
2025-09-14T20:56:15.2202185Z       }
2025-09-14T20:56:15.2202452Z     }
2025-09-14T20:56:15.2202720Z   ],
2025-09-14T20:56:15.2203482Z   "name": "default",
2025-09-14T20:56:15.2204288Z   "driver": "docker"
2025-09-14T20:56:15.2204690Z }
2025-09-14T20:56:15.2205305Z ##[endgroup]
2025-09-14T20:56:15.2340463Z ##[group]Run sudo curl -o /usr/local/bin/cog -L https://github.com/replicate/cog/releases/download/v0.16.7/cog_Linux_x86_64
2025-09-14T20:56:15.2341278Z [36;1msudo curl -o /usr/local/bin/cog -L https://github.com/replicate/cog/releases/download/v0.16.7/cog_Linux_x86_64[0m
2025-09-14T20:56:15.2341788Z [36;1msudo chmod +x /usr/local/bin/cog[0m
2025-09-14T20:56:15.2342036Z [36;1mcog --version[0m
2025-09-14T20:56:15.2373410Z shell: /usr/bin/bash --noprofile --norc -e -o pipefail {0}
2025-09-14T20:56:15.2373968Z ##[endgroup]
2025-09-14T20:56:15.2539096Z   % Total    % Received % Xferd  Average Speed   Time    Time     Time  Current
2025-09-14T20:56:15.2539690Z                                  Dload  Upload   Total   Spent    Left  Speed
2025-09-14T20:56:15.2540018Z 
2025-09-14T20:56:15.3687351Z   0     0    0     0    0     0      0      0 --:--:-- --:--:-- --:--:--     0
2025-09-14T20:56:15.3688016Z   0     0    0     0    0     0      0      0 --:--:-- --:--:-- --:--:--     0
2025-09-14T20:56:15.5200540Z 
2025-09-14T20:56:15.5201114Z 100 29.3M  100 29.3M    0     0   110M      0 --:--:-- --:--:-- --:--:--  110M
2025-09-14T20:56:15.5425326Z cog version 0.16.7 (built 2025-09-10T21:32:46Z)
2025-09-14T20:56:15.5471407Z ##[group]Run echo "Logging in to Replicate..." >&2
2025-09-14T20:56:15.5471749Z [36;1mecho "Logging in to Replicate..." >&2[0m
2025-09-14T20:56:15.5472099Z [36;1mecho "$REPLICATE_CLI_AUTH_TOKEN" | cog login --token-stdin[0m
2025-09-14T20:56:15.5502254Z shell: /usr/bin/bash --noprofile --norc -e -o pipefail {0}
2025-09-14T20:56:15.5502560Z env:
2025-09-14T20:56:15.5502849Z   REPLICATE_CLI_AUTH_TOKEN: ***
2025-09-14T20:56:15.5503072Z ##[endgroup]
2025-09-14T20:56:15.5551720Z Logging in to Replicate...
2025-09-14T20:56:15.9148172Z You've successfully authenticated as panpetos! You can now use the 'r8.im' registry.
2025-09-14T20:56:15.9197053Z ##[group]Run cog --version
2025-09-14T20:56:15.9197317Z [36;1mcog --version[0m
2025-09-14T20:56:15.9226259Z shell: /usr/bin/bash -e {0}
2025-09-14T20:56:15.9226483Z ##[endgroup]
2025-09-14T20:56:15.9352748Z cog version 0.16.7 (built 2025-09-10T21:32:46Z)
2025-09-14T20:56:15.9385775Z ##[group]Run if [ -z "$REPLICATE_CLI_AUTH_TOKEN" ]; then
2025-09-14T20:56:15.9386172Z [36;1mif [ -z "$REPLICATE_CLI_AUTH_TOKEN" ]; then[0m
2025-09-14T20:56:15.9386522Z [36;1m  echo "Secret REPLICATE_CLI_AUTH_TOKEN is EMPTY"; exit 1[0m
2025-09-14T20:56:15.9386814Z [36;1mfi[0m
2025-09-14T20:56:15.9387235Z [36;1mecho "$REPLICATE_CLI_AUTH_TOKEN" | cog login --token-stdin[0m
2025-09-14T20:56:15.9414364Z shell: /usr/bin/bash -e {0}
2025-09-14T20:56:15.9414586Z env:
2025-09-14T20:56:15.9414917Z   REPLICATE_CLI_AUTH_TOKEN: ***
2025-09-14T20:56:15.9415134Z ##[endgroup]
2025-09-14T20:56:16.1115259Z You've successfully authenticated as panpetos! You can now use the 'r8.im' registry.
2025-09-14T20:56:16.1153281Z ##[group]Run TARGET="r8.im/panpetos/guillotine-inpaint"
2025-09-14T20:56:16.1153944Z [36;1mTARGET="r8.im/panpetos/guillotine-inpaint"[0m
2025-09-14T20:56:16.1154248Z [36;1mif [ -z "$TARGET" ]; then[0m
2025-09-14T20:56:16.1154529Z [36;1m  TARGET="r8.im/${REPO_OWNER}/guillotine-inpaint"[0m
2025-09-14T20:56:16.1154818Z [36;1mfi[0m
2025-09-14T20:56:16.1155048Z [36;1mecho "TARGET=$TARGET" | tee -a $GITHUB_OUTPUT[0m
2025-09-14T20:56:16.1183974Z shell: /usr/bin/bash -e {0}
2025-09-14T20:56:16.1184190Z env:
2025-09-14T20:56:16.1184364Z   REPO_OWNER: panpetos
2025-09-14T20:56:16.1184557Z ##[endgroup]
2025-09-14T20:56:16.1240261Z TARGET=r8.im/panpetos/guillotine-inpaint
2025-09-14T20:56:16.1283185Z ##[group]Run echo "Pushing to: r8.im/panpetos/guillotine-inpaint"
2025-09-14T20:56:16.1283896Z [36;1mecho "Pushing to: r8.im/panpetos/guillotine-inpaint"[0m
2025-09-14T20:56:16.1284255Z [36;1mcog push "r8.im/panpetos/guillotine-inpaint"[0m
2025-09-14T20:56:16.1310681Z shell: /usr/bin/bash -e {0}
2025-09-14T20:56:16.1310911Z ##[endgroup]
2025-09-14T20:56:16.1354812Z Pushing to: r8.im/panpetos/guillotine-inpaint
2025-09-14T20:56:16.1449519Z Building Docker image from environment in cog.yaml as r8.im/panpetos/guillotine-inpaint...
2025-09-14T20:56:16.9197104Z #1 [internal] load build definition from Dockerfile
2025-09-14T20:56:16.9197672Z #1 transferring dockerfile: 716B done
2025-09-14T20:56:16.9198070Z #1 DONE 0.0s
2025-09-14T20:56:16.9198240Z 
2025-09-14T20:56:16.9198607Z #2 resolve image config for docker-image://docker.io/docker/dockerfile:1.4
2025-09-14T20:56:17.1296436Z #2 DONE 0.4s
2025-09-14T20:56:17.2372638Z 
2025-09-14T20:56:17.2373857Z #3 docker-image://docker.io/docker/dockerfile:1.4@sha256:9ba7531bd80fb0a858632727cf7a112fbfd19b17e94c4e84ced81e24ef1a0dbc
2025-09-14T20:56:17.2374746Z #3 resolve docker.io/docker/dockerfile:1.4@sha256:9ba7531bd80fb0a858632727cf7a112fbfd19b17e94c4e84ced81e24ef1a0dbc done
2025-09-14T20:56:17.2375502Z #3 sha256:9ba7531bd80fb0a858632727cf7a112fbfd19b17e94c4e84ced81e24ef1a0dbc 2.00kB / 2.00kB done
2025-09-14T20:56:17.2376128Z #3 sha256:ad87fb03593d1b71f9a1cfc1406c4aafcb253b1dabebf569768d6e6166836f34 528B / 528B done
2025-09-14T20:56:17.2376742Z #3 sha256:1e8a16826fd1c80a63fa6817a9c7284c94e40cded14a9b0d0d3722356efa47bd 2.37kB / 2.37kB done
2025-09-14T20:56:17.2377374Z #3 sha256:1328b32c40fca9bcf9d70d8eccb72eb873d1124d72dadce04db8badbe7b08546 8.39MB / 9.94MB 0.1s
2025-09-14T20:56:17.3646400Z #3 sha256:1328b32c40fca9bcf9d70d8eccb72eb873d1124d72dadce04db8badbe7b08546 9.94MB / 9.94MB 0.1s done
2025-09-14T20:56:17.3647561Z #3 extracting sha256:1328b32c40fca9bcf9d70d8eccb72eb873d1124d72dadce04db8badbe7b08546 0.1s done
2025-09-14T20:56:17.6102782Z #3 DONE 0.2s
2025-09-14T20:56:17.6103052Z 
2025-09-14T20:56:17.6103202Z #4 [internal] load .dockerignore
2025-09-14T20:56:17.6103858Z #4 transferring context: 130B done
2025-09-14T20:56:17.6104118Z #4 DONE 0.0s
2025-09-14T20:56:17.6104233Z 
2025-09-14T20:56:17.6104382Z #5 [internal] load metadata for r8.im/cog-base:python3.11
2025-09-14T20:56:18.2490768Z #5 DONE 0.8s
2025-09-14T20:56:18.8194023Z 
2025-09-14T20:56:18.8194467Z #6 [internal] load build context
2025-09-14T20:56:18.8194906Z #6 transferring context: 82.47kB done
2025-09-14T20:56:18.8195181Z #6 DONE 0.0s
2025-09-14T20:56:18.8195285Z 
2025-09-14T20:56:18.8195636Z #7 [stage-0 1/7] FROM r8.im/cog-base:python3.11@sha256:4a2642af643dfc7222ae6df42b5ff43a3ed90b8ec13a2a6d9b92e0b63e81aabb
2025-09-14T20:56:18.8196422Z #7 resolve r8.im/cog-base:python3.11@sha256:4a2642af643dfc7222ae6df42b5ff43a3ed90b8ec13a2a6d9b92e0b63e81aabb done
2025-09-14T20:56:18.8197110Z #7 sha256:4a2642af643dfc7222ae6df42b5ff43a3ed90b8ec13a2a6d9b92e0b63e81aabb 856B / 856B done
2025-09-14T20:56:18.8198109Z #7 sha256:26ff8b788d7a7c3e2d0f8acaeccae21ad83528decc4e8006bc91e43380765b18 2.23kB / 2.23kB done
2025-09-14T20:56:18.8198745Z #7 sha256:e05bfcf1b32a7512bd3202859c4a0e2294e8a751c04a3059c124e08acdf71acd 0B / 16.21MB 0.1s
2025-09-14T20:56:18.8199365Z #7 sha256:80db93170d6e5cc0429a5d82c18d78e1d2098fe546be2f643edd6c2d197bca92 8.17kB / 8.17kB done
2025-09-14T20:56:18.8200000Z #7 sha256:de78d5da67365efd0481eccfee8497a28cfed889cbda9ac18db1eedfc37a6afc 0B / 29.14MB 0.1s
2025-09-14T20:56:18.8200618Z #7 sha256:510329c78cc4404af3d547a691c54cd4369a723bf3c2be1f59c985bfb3f6dc12 0B / 3.51MB 0.1s
2025-09-14T20:56:19.0186714Z #7 sha256:de78d5da67365efd0481eccfee8497a28cfed889cbda9ac18db1eedfc37a6afc 2.10MB / 29.14MB 0.3s
2025-09-14T20:56:19.2016229Z #7 sha256:e05bfcf1b32a7512bd3202859c4a0e2294e8a751c04a3059c124e08acdf71acd 12.58MB / 16.21MB 0.4s
2025-09-14T20:56:19.2017574Z #7 sha256:de78d5da67365efd0481eccfee8497a28cfed889cbda9ac18db1eedfc37a6afc 18.87MB / 29.14MB 0.4s
2025-09-14T20:56:19.2018982Z #7 sha256:510329c78cc4404af3d547a691c54cd4369a723bf3c2be1f59c985bfb3f6dc12 3.51MB / 3.51MB 0.3s done
2025-09-14T20:56:19.2019778Z #7 sha256:89905ea700b5fea08969769c08dcc8021a098d9cdde6169c5b1eb27cb38f8f48 0B / 242B 0.4s
2025-09-14T20:56:19.2020669Z #7 extracting sha256:de78d5da67365efd0481eccfee8497a28cfed889cbda9ac18db1eedfc37a6afc
2025-09-14T20:56:19.3020426Z #7 sha256:e05bfcf1b32a7512bd3202859c4a0e2294e8a751c04a3059c124e08acdf71acd 14.68MB / 16.21MB 0.5s
2025-09-14T20:56:19.3021674Z #7 sha256:de78d5da67365efd0481eccfee8497a28cfed889cbda9ac18db1eedfc37a6afc 29.14MB / 29.14MB 0.5s done
2025-09-14T20:56:19.3022388Z #7 sha256:a7c260b785219f62db7148f178c8e7ece79b84e83c27c4aa40a2034ce45a2c68 0B / 1.56MB 0.5s
2025-09-14T20:56:19.4025541Z #7 sha256:e05bfcf1b32a7512bd3202859c4a0e2294e8a751c04a3059c124e08acdf71acd 16.21MB / 16.21MB 0.5s done
2025-09-14T20:56:19.4026513Z #7 sha256:89905ea700b5fea08969769c08dcc8021a098d9cdde6169c5b1eb27cb38f8f48 242B / 242B 0.5s done
2025-09-14T20:56:19.4027246Z #7 sha256:70089dadc54b004c7b6d9f3a220b8e9c2caef6cce1fcb745e694c9166a9f71a1 0B / 615.66MB 0.6s
2025-09-14T20:56:19.4028289Z #7 sha256:86ba7e30f28463d514cc14a1976d60b1c2da445d2db7787b8738c4cedd108ac4 0B / 29.86kB 0.6s
2025-09-14T20:56:19.5046254Z #7 sha256:a7c260b785219f62db7148f178c8e7ece79b84e83c27c4aa40a2034ce45a2c68 1.56MB / 1.56MB 0.7s done
2025-09-14T20:56:19.6058323Z #7 sha256:86ba7e30f28463d514cc14a1976d60b1c2da445d2db7787b8738c4cedd108ac4 29.86kB / 29.86kB 0.7s done
2025-09-14T20:56:19.8881771Z #7 sha256:70089dadc54b004c7b6d9f3a220b8e9c2caef6cce1fcb745e694c9166a9f71a1 46.14MB / 615.66MB 1.1s
2025-09-14T20:56:20.1749684Z #7 sha256:70089dadc54b004c7b6d9f3a220b8e9c2caef6cce1fcb745e694c9166a9f71a1 96.47MB / 615.66MB 1.4s
2025-09-14T20:56:20.2952700Z #7 extracting sha256:de78d5da67365efd0481eccfee8497a28cfed889cbda9ac18db1eedfc37a6afc 1.1s done
2025-09-14T20:56:20.4186168Z #7 sha256:70089dadc54b004c7b6d9f3a220b8e9c2caef6cce1fcb745e694c9166a9f71a1 142.61MB / 615.66MB 1.7s
2025-09-14T20:56:20.4187204Z #7 extracting sha256:510329c78cc4404af3d547a691c54cd4369a723bf3c2be1f59c985bfb3f6dc12
2025-09-14T20:56:20.5196388Z #7 extracting sha256:510329c78cc4404af3d547a691c54cd4369a723bf3c2be1f59c985bfb3f6dc12 0.1s done
2025-09-14T20:56:20.6201852Z #7 sha256:70089dadc54b004c7b6d9f3a220b8e9c2caef6cce1fcb745e694c9166a9f71a1 176.16MB / 615.66MB 1.9s
2025-09-14T20:56:20.8185506Z #7 sha256:70089dadc54b004c7b6d9f3a220b8e9c2caef6cce1fcb745e694c9166a9f71a1 217.06MB / 615.66MB 2.1s
2025-09-14T20:56:21.0010552Z #7 extracting sha256:e05bfcf1b32a7512bd3202859c4a0e2294e8a751c04a3059c124e08acdf71acd 0.1s
2025-09-14T20:56:21.1028360Z #7 sha256:70089dadc54b004c7b6d9f3a220b8e9c2caef6cce1fcb745e694c9166a9f71a1 263.19MB / 615.66MB 2.3s
2025-09-14T20:56:21.3078106Z #7 sha256:70089dadc54b004c7b6d9f3a220b8e9c2caef6cce1fcb745e694c9166a9f71a1 310.38MB / 615.66MB 2.5s
2025-09-14T20:56:21.4183856Z #7 sha256:70089dadc54b004c7b6d9f3a220b8e9c2caef6cce1fcb745e694c9166a9f71a1 344.35MB / 615.66MB 2.7s
2025-09-14T20:56:21.5186559Z #7 sha256:70089dadc54b004c7b6d9f3a220b8e9c2caef6cce1fcb745e694c9166a9f71a1 375.39MB / 615.66MB 2.8s
2025-09-14T20:56:21.8185979Z #7 sha256:70089dadc54b004c7b6d9f3a220b8e9c2caef6cce1fcb745e694c9166a9f71a1 445.64MB / 615.66MB 3.1s
2025-09-14T20:56:21.8186848Z #7 extracting sha256:e05bfcf1b32a7512bd3202859c4a0e2294e8a751c04a3059c124e08acdf71acd 0.7s done
2025-09-14T20:56:22.3078115Z #7 sha256:70089dadc54b004c7b6d9f3a220b8e9c2caef6cce1fcb745e694c9166a9f71a1 490.73MB / 615.66MB 3.5s
2025-09-14T20:56:22.3078830Z #7 extracting sha256:89905ea700b5fea08969769c08dcc8021a098d9cdde6169c5b1eb27cb38f8f48
2025-09-14T20:56:22.4182748Z #7 sha256:70089dadc54b004c7b6d9f3a220b8e9c2caef6cce1fcb745e694c9166a9f71a1 525.91MB / 615.66MB 3.7s
2025-09-14T20:56:22.4184052Z #7 extracting sha256:89905ea700b5fea08969769c08dcc8021a098d9cdde6169c5b1eb27cb38f8f48 done
2025-09-14T20:56:22.4185419Z #7 extracting sha256:a7c260b785219f62db7148f178c8e7ece79b84e83c27c4aa40a2034ce45a2c68 0.0s done
2025-09-14T20:56:22.7196077Z #7 sha256:70089dadc54b004c7b6d9f3a220b8e9c2caef6cce1fcb745e694c9166a9f71a1 576.72MB / 615.66MB 4.0s
2025-09-14T20:56:22.8197311Z #7 sha256:70089dadc54b004c7b6d9f3a220b8e9c2caef6cce1fcb745e694c9166a9f71a1 610.27MB / 615.66MB 4.1s
2025-09-14T20:56:22.9353379Z #7 sha256:70089dadc54b004c7b6d9f3a220b8e9c2caef6cce1fcb745e694c9166a9f71a1 615.66MB / 615.66MB 4.1s done
2025-09-14T20:56:22.9354698Z #7 extracting sha256:70089dadc54b004c7b6d9f3a220b8e9c2caef6cce1fcb745e694c9166a9f71a1
2025-09-14T20:56:28.0087136Z #7 extracting sha256:70089dadc54b004c7b6d9f3a220b8e9c2caef6cce1fcb745e694c9166a9f71a1 5.1s
2025-09-14T20:56:33.0091013Z #7 extracting sha256:70089dadc54b004c7b6d9f3a220b8e9c2caef6cce1fcb745e694c9166a9f71a1 10.1s
2025-09-14T20:56:38.1137983Z #7 extracting sha256:70089dadc54b004c7b6d9f3a220b8e9c2caef6cce1fcb745e694c9166a9f71a1 15.2s
2025-09-14T20:56:38.2992246Z #7 extracting sha256:70089dadc54b004c7b6d9f3a220b8e9c2caef6cce1fcb745e694c9166a9f71a1 15.2s done
2025-09-14T20:56:38.9053039Z #7 extracting sha256:86ba7e30f28463d514cc14a1976d60b1c2da445d2db7787b8738c4cedd108ac4
2025-09-14T20:56:39.1233914Z #7 extracting sha256:86ba7e30f28463d514cc14a1976d60b1c2da445d2db7787b8738c4cedd108ac4 done
2025-09-14T20:56:39.1234601Z #7 DONE 20.2s
2025-09-14T20:56:39.1234796Z 
2025-09-14T20:56:39.1235272Z #8 [stage-0 2/7] COPY .cog/tmp/build20250914205616.145071/cog-0.16.7-py3-none-any.whl /tmp/cog-0.16.7-py3-none-any.whl
2025-09-14T20:56:39.1235995Z #8 DONE 0.0s
2025-09-14T20:56:39.1236168Z 
2025-09-14T20:56:39.1236653Z #9 [stage-0 3/7] RUN --mount=type=cache,target=/root/.cache/pip pip install --no-cache-dir /tmp/cog-0.16.7-py3-none-any.whl 'pydantic>=1.9,<3'
2025-09-14T20:56:40.5560928Z #9 1.583 Processing /tmp/cog-0.16.7-py3-none-any.whl
2025-09-14T20:56:40.7604519Z #9 1.788 Collecting pydantic<3,>=1.9
2025-09-14T20:56:40.9323844Z #9 1.834   Downloading pydantic-2.11.9-py3-none-any.whl.metadata (68 kB)
2025-09-14T20:56:40.9325017Z #9 1.848      ━━━━━━━━━━━━━━━━━━━━━━━━━━━━━━━━━━━━━━━━ 68.4/68.4 kB 5.0 MB/s eta 0:00:00
2025-09-14T20:56:40.9325487Z #9 1.880 Collecting attrs<24,>=20.1 (from cog==0.16.7)
2025-09-14T20:56:40.9326035Z #9 1.888   Downloading attrs-23.2.0-py3-none-any.whl.metadata (9.5 kB)
2025-09-14T20:56:40.9326562Z #9 1.959 Collecting fastapi<0.116.0,>=0.100 (from cog==0.16.7)
2025-09-14T20:56:41.0389192Z #9 1.969   Downloading fastapi-0.115.14-py3-none-any.whl.metadata (27 kB)
2025-09-14T20:56:41.0389777Z #9 2.011 Collecting PyYAML (from cog==0.16.7)
2025-09-14T20:56:41.0390377Z #9 2.018   Downloading PyYAML-6.0.2-cp311-cp311-manylinux_2_17_x86_64.manylinux2014_x86_64.whl.metadata (2.1 kB)
2025-09-14T20:56:41.0390918Z #9 2.059 Collecting requests<3,>=2 (from cog==0.16.7)
2025-09-14T20:56:41.0391338Z #9 2.066   Downloading requests-2.32.5-py3-none-any.whl.metadata (4.9 kB)
2025-09-14T20:56:41.1454259Z #9 2.090 Collecting structlog<25,>=20 (from cog==0.16.7)
2025-09-14T20:56:41.1455030Z #9 2.098   Downloading structlog-24.4.0-py3-none-any.whl.metadata (7.3 kB)
2025-09-14T20:56:41.1455706Z #9 2.123 Collecting typing_extensions>=4.4.0 (from cog==0.16.7)
2025-09-14T20:56:41.1456882Z #9 2.132   Downloading typing_extensions-4.15.0-py3-none-any.whl.metadata (3.3 kB)
2025-09-14T20:56:41.1457868Z #9 2.173 Collecting uvicorn<1,>=0.12 (from uvicorn[standard]<1,>=0.12->cog==0.16.7)
2025-09-14T20:56:41.3335804Z #9 2.180   Downloading uvicorn-0.35.0-py3-none-any.whl.metadata (6.5 kB)
2025-09-14T20:56:41.3336491Z #9 2.203 Collecting annotated-types>=0.6.0 (from pydantic<3,>=1.9)
2025-09-14T20:56:41.3336959Z #9 2.210   Downloading annotated_types-0.7.0-py3-none-any.whl.metadata (15 kB)
2025-09-14T20:56:41.8716911Z #9 2.899 Collecting pydantic-core==2.33.2 (from pydantic<3,>=1.9)
2025-09-14T20:56:41.9836062Z #9 2.907   Downloading pydantic_core-2.33.2-cp311-cp311-manylinux_2_17_x86_64.manylinux2014_x86_64.whl.metadata (6.8 kB)
2025-09-14T20:56:41.9837193Z #9 2.926 Collecting typing-inspection>=0.4.0 (from pydantic<3,>=1.9)
2025-09-14T20:56:41.9838016Z #9 2.933   Downloading typing_inspection-0.4.1-py3-none-any.whl.metadata (2.6 kB)
2025-09-14T20:56:41.9839277Z #9 3.011 Collecting starlette<0.47.0,>=0.40.0 (from fastapi<0.116.0,>=0.100->cog==0.16.7)
2025-09-14T20:56:42.1315247Z #9 3.021   Downloading starlette-0.46.2-py3-none-any.whl.metadata (6.2 kB)
2025-09-14T20:56:42.1316048Z #9 3.159 Collecting charset_normalizer<4,>=2 (from requests<3,>=2->cog==0.16.7)
2025-09-14T20:56:42.2475405Z #9 3.166   Downloading charset_normalizer-3.4.3-cp311-cp311-manylinux2014_x86_64.manylinux_2_17_x86_64.manylinux_2_28_x86_64.whl.metadata (36 kB)
2025-09-14T20:56:42.2476831Z #9 3.188 Collecting idna<4,>=2.5 (from requests<3,>=2->cog==0.16.7)
2025-09-14T20:56:42.2477628Z #9 3.196   Downloading idna-3.10-py3-none-any.whl.metadata (10 kB)
2025-09-14T20:56:42.2478449Z #9 3.242 Collecting urllib3<3,>=1.21.1 (from requests<3,>=2->cog==0.16.7)
2025-09-14T20:56:42.2479268Z #9 3.249   Downloading urllib3-2.5.0-py3-none-any.whl.metadata (6.5 kB)
2025-09-14T20:56:42.2492661Z #9 3.275 Collecting certifi>=2017.4.17 (from requests<3,>=2->cog==0.16.7)
2025-09-14T20:56:42.3544374Z #9 3.283   Downloading certifi-2025.8.3-py3-none-any.whl.metadata (2.4 kB)
2025-09-14T20:56:42.3545188Z #9 3.381 Collecting click>=7.0 (from uvicorn<1,>=0.12->uvicorn[standard]<1,>=0.12->cog==0.16.7)
2025-09-14T20:56:42.4844693Z #9 3.435   Downloading click-8.2.1-py3-none-any.whl.metadata (2.5 kB)
2025-09-14T20:56:42.4845488Z #9 3.452 Collecting h11>=0.8 (from uvicorn<1,>=0.12->uvicorn[standard]<1,>=0.12->cog==0.16.7)
2025-09-14T20:56:42.4846097Z #9 3.462   Downloading h11-0.16.0-py3-none-any.whl.metadata (8.3 kB)
2025-09-14T20:56:42.4846665Z #9 3.512 Collecting httptools>=0.6.3 (from uvicorn[standard]<1,>=0.12->cog==0.16.7)
2025-09-14T20:56:42.6549633Z #9 3.521   Downloading httptools-0.6.4-cp311-cp311-manylinux_2_5_x86_64.manylinux1_x86_64.manylinux_2_17_x86_64.manylinux2014_x86_64.whl.metadata (3.6 kB)
2025-09-14T20:56:42.6551160Z #9 3.544 Collecting python-dotenv>=0.13 (from uvicorn[standard]<1,>=0.12->cog==0.16.7)
2025-09-14T20:56:42.6552136Z #9 3.551   Downloading python_dotenv-1.1.1-py3-none-any.whl.metadata (24 kB)
2025-09-14T20:56:42.6552871Z #9 3.598 Collecting uvloop>=0.15.1 (from uvicorn[standard]<1,>=0.12->cog==0.16.7)
2025-09-14T20:56:42.6553504Z #9 3.605   Downloading uvloop-0.21.0-cp311-cp311-manylinux_2_17_x86_64.manylinux2014_x86_64.whl.metadata (4.9 kB)
2025-09-14T20:56:42.6554319Z #9 3.682 Collecting watchfiles>=0.13 (from uvicorn[standard]<1,>=0.12->cog==0.16.7)
2025-09-14T20:56:42.7580853Z #9 3.690   Downloading watchfiles-1.1.0-cp311-cp311-manylinux_2_17_x86_64.manylinux2014_x86_64.whl.metadata (4.9 kB)
2025-09-14T20:56:42.7581751Z #9 3.785 Collecting websockets>=10.4 (from uvicorn[standard]<1,>=0.12->cog==0.16.7)
2025-09-14T20:56:42.8889701Z #9 3.796   Downloading websockets-15.0.1-cp311-cp311-manylinux_2_5_x86_64.manylinux1_x86_64.manylinux_2_17_x86_64.manylinux2014_x86_64.whl.metadata (6.8 kB)
2025-09-14T20:56:42.8890825Z #9 3.857 Collecting anyio<5,>=3.6.2 (from starlette<0.47.0,>=0.40.0->fastapi<0.116.0,>=0.100->cog==0.16.7)
2025-09-14T20:56:42.8891461Z #9 3.864   Downloading anyio-4.10.0-py3-none-any.whl.metadata (4.0 kB)
2025-09-14T20:56:42.8892484Z #9 3.916 Collecting sniffio>=1.1 (from anyio<5,>=3.6.2->starlette<0.47.0,>=0.40.0->fastapi<0.116.0,>=0.100->cog==0.16.7)
2025-09-14T20:56:42.9898235Z #9 3.923   Downloading sniffio-1.3.1-py3-none-any.whl.metadata (3.9 kB)
2025-09-14T20:56:42.9899056Z #9 3.943 Downloading pydantic-2.11.9-py3-none-any.whl (444 kB)
2025-09-14T20:56:42.9900098Z #9 3.958    ━━━━━━━━━━━━━━━━━━━━━━━━━━━━━━━━━━━━━━━━ 444.9/444.9 kB 33.3 MB/s eta 0:00:00
2025-09-14T20:56:42.9901018Z #9 3.965 Downloading pydantic_core-2.33.2-cp311-cp311-manylinux_2_17_x86_64.manylinux2014_x86_64.whl (2.0 MB)
2025-09-14T20:56:42.9901978Z #9 3.982    ━━━━━━━━━━━━━━━━━━━━━━━━━━━━━━━━━━━━━━━━ 2.0/2.0 MB 133.0 MB/s eta 0:00:00
2025-09-14T20:56:42.9902433Z #9 3.990 Downloading annotated_types-0.7.0-py3-none-any.whl (13 kB)
2025-09-14T20:56:42.9902868Z #9 3.997 Downloading attrs-23.2.0-py3-none-any.whl (60 kB)
2025-09-14T20:56:42.9903346Z #9 3.999    ━━━━━━━━━━━━━━━━━━━━━━━━━━━━━━━━━━━━━━━━ 60.8/60.8 kB 306.9 MB/s eta 0:00:00
2025-09-14T20:56:42.9904366Z #9 4.006 Downloading fastapi-0.115.14-py3-none-any.whl (95 kB)
2025-09-14T20:56:42.9904909Z #9 4.008    ━━━━━━━━━━━━━━━━━━━━━━━━━━━━━━━━━━━━━━━━ 95.5/95.5 kB 328.6 MB/s eta 0:00:00
2025-09-14T20:56:42.9905314Z #9 4.015 Downloading requests-2.32.5-py3-none-any.whl (64 kB)
2025-09-14T20:56:43.0937959Z #9 4.017    ━━━━━━━━━━━━━━━━━━━━━━━━━━━━━━━━━━━━━━━━ 64.7/64.7 kB 302.6 MB/s eta 0:00:00
2025-09-14T20:56:43.0938429Z #9 4.024 Downloading structlog-24.4.0-py3-none-any.whl (67 kB)
2025-09-14T20:56:43.0939200Z #9 4.026    ━━━━━━━━━━━━━━━━━━━━━━━━━━━━━━━━━━━━━━━━ 67.2/67.2 kB 288.4 MB/s eta 0:00:00
2025-09-14T20:56:43.0939639Z #9 4.034 Downloading typing_extensions-4.15.0-py3-none-any.whl (44 kB)
2025-09-14T20:56:43.0940143Z #9 4.035    ━━━━━━━━━━━━━━━━━━━━━━━━━━━━━━━━━━━━━━━━ 44.6/44.6 kB 292.5 MB/s eta 0:00:00
2025-09-14T20:56:43.0940557Z #9 4.042 Downloading typing_inspection-0.4.1-py3-none-any.whl (14 kB)
2025-09-14T20:56:43.0940987Z #9 4.050 Downloading uvicorn-0.35.0-py3-none-any.whl (66 kB)
2025-09-14T20:56:43.0941506Z #9 4.052    ━━━━━━━━━━━━━━━━━━━━━━━━━━━━━━━━━━━━━━━━ 66.4/66.4 kB 263.2 MB/s eta 0:00:00
2025-09-14T20:56:43.0942038Z #9 4.059 Downloading PyYAML-6.0.2-cp311-cp311-manylinux_2_17_x86_64.manylinux2014_x86_64.whl (762 kB)
2025-09-14T20:56:43.0942652Z #9 4.064    ━━━━━━━━━━━━━━━━━━━━━━━━━━━━━━━━━━━━━━━ 763.0/763.0 kB 344.3 MB/s eta 0:00:00
2025-09-14T20:56:43.0943127Z #9 4.074 Downloading certifi-2025.8.3-py3-none-any.whl (161 kB)
2025-09-14T20:56:43.0943833Z #9 4.076    ━━━━━━━━━━━━━━━━━━━━━━━━━━━━━━━━━━━━━━━ 161.2/161.2 kB 347.2 MB/s eta 0:00:00
2025-09-14T20:56:43.0944496Z #9 4.084 Downloading charset_normalizer-3.4.3-cp311-cp311-manylinux2014_x86_64.manylinux_2_17_x86_64.manylinux_2_28_x86_64.whl (150 kB)
2025-09-14T20:56:43.0945584Z #9 4.086    ━━━━━━━━━━━━━━━━━━━━━━━━━━━━━━━━━━━━━━━ 150.3/150.3 kB 335.5 MB/s eta 0:00:00
2025-09-14T20:56:43.0946074Z #9 4.093 Downloading click-8.2.1-py3-none-any.whl (102 kB)
2025-09-14T20:56:43.0946563Z #9 4.095    ━━━━━━━━━━━━━━━━━━━━━━━━━━━━━━━━━━━━━━━ 102.2/102.2 kB 312.3 MB/s eta 0:00:00
2025-09-14T20:56:43.0946943Z #9 4.102 Downloading h11-0.16.0-py3-none-any.whl (37 kB)
2025-09-14T20:56:43.0947580Z #9 4.109 Downloading httptools-0.6.4-cp311-cp311-manylinux_2_5_x86_64.manylinux1_x86_64.manylinux_2_17_x86_64.manylinux2014_x86_64.whl (459 kB)
2025-09-14T20:56:43.0948306Z #9 4.114    ━━━━━━━━━━━━━━━━━━━━━━━━━━━━━━━━━━━━━━━ 459.8/459.8 kB 142.7 MB/s eta 0:00:00
2025-09-14T20:56:43.0948676Z #9 4.121 Downloading idna-3.10-py3-none-any.whl (70 kB)
2025-09-14T20:56:43.3380467Z #9 4.123    ━━━━━━━━━━━━━━━━━━━━━━━━━━━━━━━━━━━━━━━━ 70.4/70.4 kB 232.3 MB/s eta 0:00:00
2025-09-14T20:56:43.3381240Z #9 4.131 Downloading python_dotenv-1.1.1-py3-none-any.whl (20 kB)
2025-09-14T20:56:43.3381858Z #9 4.138 Downloading starlette-0.46.2-py3-none-any.whl (72 kB)
2025-09-14T20:56:43.3382405Z #9 4.140    ━━━━━━━━━━━━━━━━━━━━━━━━━━━━━━━━━━━━━━━━ 72.0/72.0 kB 281.8 MB/s eta 0:00:00
2025-09-14T20:56:43.3382809Z #9 4.148 Downloading urllib3-2.5.0-py3-none-any.whl (129 kB)
2025-09-14T20:56:43.3384279Z #9 4.149    ━━━━━━━━━━━━━━━━━━━━━━━━━━━━━━━━━━━━━━━ 129.8/129.8 kB 320.8 MB/s eta 0:00:00
2025-09-14T20:56:43.3385082Z #9 4.158 Downloading uvloop-0.21.0-cp311-cp311-manylinux_2_17_x86_64.manylinux2014_x86_64.whl (4.0 MB)
2025-09-14T20:56:43.3385981Z #9 4.172    ━━━━━━━━━━━━━━━━━━━━━━━━━━━━━━━━━━━━━━━━ 4.0/4.0 MB 314.2 MB/s eta 0:00:00
2025-09-14T20:56:43.3386769Z #9 4.181 Downloading watchfiles-1.1.0-cp311-cp311-manylinux_2_17_x86_64.manylinux2014_x86_64.whl (453 kB)
2025-09-14T20:56:43.3387719Z #9 4.183    ━━━━━━━━━━━━━━━━━━━━━━━━━━━━━━━━━━━━━━━ 453.1/453.1 kB 340.2 MB/s eta 0:00:00
2025-09-14T20:56:43.3388406Z #9 4.195 Downloading websockets-15.0.1-cp311-cp311-manylinux_2_5_x86_64.manylinux1_x86_64.manylinux_2_17_x86_64.manylinux2014_x86_64.whl (182 kB)
2025-09-14T20:56:43.3389180Z #9 4.197    ━━━━━━━━━━━━━━━━━━━━━━━━━━━━━━━━━━━━━━━ 182.3/182.3 kB 308.6 MB/s eta 0:00:00
2025-09-14T20:56:43.3389579Z #9 4.205 Downloading anyio-4.10.0-py3-none-any.whl (107 kB)
2025-09-14T20:56:43.3390097Z #9 4.207    ━━━━━━━━━━━━━━━━━━━━━━━━━━━━━━━━━━━━━━━ 107.2/107.2 kB 304.0 MB/s eta 0:00:00
2025-09-14T20:56:43.3390486Z #9 4.215 Downloading sniffio-1.3.1-py3-none-any.whl (10 kB)
2025-09-14T20:56:43.3391845Z #9 4.365 Installing collected packages: websockets, uvloop, urllib3, typing_extensions, structlog, sniffio, PyYAML, python-dotenv, idna, httptools, h11, click, charset_normalizer, certifi, attrs, annotated-types, uvicorn, typing-inspection, requests, pydantic-core, anyio, watchfiles, starlette, pydantic, fastapi, cog
2025-09-14T20:56:44.6680555Z #9 5.695 Successfully installed PyYAML-6.0.2 annotated-types-0.7.0 anyio-4.10.0 attrs-23.2.0 certifi-2025.8.3 charset_normalizer-3.4.3 click-8.2.1 cog-0.16.7 fastapi-0.115.14 h11-0.16.0 httptools-0.6.4 idna-3.10 pydantic-2.11.9 pydantic-core-2.33.2 python-dotenv-1.1.1 requests-2.32.5 sniffio-1.3.1 starlette-0.46.2 structlog-24.4.0 typing-inspection-0.4.1 typing_extensions-4.15.0 urllib3-2.5.0 uvicorn-0.35.0 uvloop-0.21.0 watchfiles-1.1.0 websockets-15.0.1
2025-09-14T20:56:44.7689031Z #9 5.695 WARNING: Running pip as the 'root' user can result in broken permissions and conflicting behaviour with the system package manager. It is recommended to use a virtual environment instead: https://pip.pypa.io/warnings/venv
2025-09-14T20:56:44.7690254Z #9 5.796 
2025-09-14T20:56:44.7690598Z #9 5.796 [notice] A new release of pip is available: 24.0 -> 25.2
2025-09-14T20:56:44.7691122Z #9 5.796 [notice] To update, run: pip install --upgrade pip
2025-09-14T20:56:45.1450547Z #9 DONE 6.2s
2025-09-14T20:56:45.3225976Z 
2025-09-14T20:56:45.3226673Z #10 [stage-0 4/7] COPY .cog/tmp/build20250914205616.145071/requirements.txt /tmp/requirements.txt
2025-09-14T20:56:45.3227412Z #10 DONE 0.0s
2025-09-14T20:56:45.3227596Z 
2025-09-14T20:56:45.3227905Z #11 [stage-0 5/7] RUN --mount=type=cache,target=/root/.cache/pip pip install -r /tmp/requirements.txt
2025-09-14T20:56:45.7337004Z #11 0.562 Collecting torch (from -r /tmp/requirements.txt (line 1))
2025-09-14T20:56:45.8507489Z #11 0.613   Downloading torch-2.8.0-cp311-cp311-manylinux_2_28_x86_64.whl.metadata (30 kB)
2025-09-14T20:56:45.8508187Z #11 0.679 Collecting torchvision (from -r /tmp/requirements.txt (line 2))
2025-09-14T20:56:45.9674010Z #11 0.688   Downloading torchvision-0.23.0-cp311-cp311-manylinux_2_28_x86_64.whl.metadata (6.1 kB)
2025-09-14T20:56:45.9674984Z #11 0.744 Collecting torchaudio (from -r /tmp/requirements.txt (line 3))
2025-09-14T20:56:45.9675898Z #11 0.753   Downloading torchaudio-2.8.0-cp311-cp311-manylinux_2_28_x86_64.whl.metadata (7.2 kB)
2025-09-14T20:56:45.9676815Z #11 0.795 Collecting diffusers==0.24.0 (from -r /tmp/requirements.txt (line 4))
2025-09-14T20:56:46.1424373Z #11 0.806   Downloading diffusers-0.24.0-py3-none-any.whl.metadata (18 kB)
2025-09-14T20:56:46.1426059Z #11 0.874 Collecting transformers==4.37.2 (from -r /tmp/requirements.txt (line 5))
2025-09-14T20:56:46.1426946Z #11 0.884   Downloading transformers-4.37.2-py3-none-any.whl.metadata (129 kB)
2025-09-14T20:56:46.1428546Z #11 0.895      ━━━━━━━━━━━━━━━━━━━━━━━━━━━━━━━━━━━━━━ 129.4/129.4 kB 14.5 MB/s eta 0:00:00
2025-09-14T20:56:46.1429331Z #11 0.971 Collecting huggingface-hub==0.20.3 (from -r /tmp/requirements.txt (line 6))
2025-09-14T20:56:46.3424799Z #11 0.983   Downloading huggingface_hub-0.20.3-py3-none-any.whl.metadata (12 kB)
2025-09-14T20:56:46.3426568Z #11 1.027 Collecting accelerate==0.27.2 (from -r /tmp/requirements.txt (line 7))
2025-09-14T20:56:46.3427448Z #11 1.041   Downloading accelerate-0.27.2-py3-none-any.whl.metadata (18 kB)
2025-09-14T20:56:46.3428289Z #11 1.171 Collecting safetensors (from -r /tmp/requirements.txt (line 8))
2025-09-14T20:56:46.5008046Z #11 1.179   Downloading safetensors-0.6.2-cp38-abi3-manylinux_2_17_x86_64.manylinux2014_x86_64.whl.metadata (4.1 kB)
2025-09-14T20:56:46.5537974Z #11 1.382 Collecting pillow (from -r /tmp/requirements.txt (line 9))
2025-09-14T20:56:46.7393945Z #11 1.390   Downloading pillow-11.3.0-cp311-cp311-manylinux_2_27_x86_64.manylinux_2_28_x86_64.whl.metadata (9.0 kB)
2025-09-14T20:56:46.7394745Z #11 1.415 Collecting einops (from -r /tmp/requirements.txt (line 10))
2025-09-14T20:56:46.7395222Z #11 1.423   Downloading einops-0.8.1-py3-none-any.whl.metadata (13 kB)
2025-09-14T20:56:46.7395728Z #11 1.568 Collecting pydantic==1.10.13 (from -r /tmp/requirements.txt (line 11))
2025-09-14T20:56:46.8982664Z #11 1.576   Downloading pydantic-1.10.13-cp311-cp311-manylinux_2_17_x86_64.manylinux2014_x86_64.whl.metadata (149 kB)
2025-09-14T20:56:46.8983893Z #11 1.581      ━━━━━━━━━━━━━━━━━━━━━━━━━━━━━━━━━━━━━━ 149.6/149.6 kB 37.9 MB/s eta 0:00:00
2025-09-14T20:56:46.8984468Z #11 1.652 Collecting filelock (from diffusers==0.24.0->-r /tmp/requirements.txt (line 4))
2025-09-14T20:56:46.8985074Z #11 1.659   Downloading filelock-3.19.1-py3-none-any.whl.metadata (2.1 kB)
2025-09-14T20:56:46.8985702Z #11 1.726 Collecting importlib-metadata (from diffusers==0.24.0->-r /tmp/requirements.txt (line 4))
2025-09-14T20:56:47.0557503Z #11 1.734   Downloading importlib_metadata-8.7.0-py3-none-any.whl.metadata (4.8 kB)
2025-09-14T20:56:47.1259591Z #11 1.954 Collecting numpy (from diffusers==0.24.0->-r /tmp/requirements.txt (line 4))
2025-09-14T20:56:47.2892916Z #11 1.962   Downloading numpy-2.3.3-cp311-cp311-manylinux_2_27_x86_64.manylinux_2_28_x86_64.whl.metadata (62 kB)
2025-09-14T20:56:47.2894121Z #11 1.967      ━━━━━━━━━━━━━━━━━━━━━━━━━━━━━━━━━━━━━━━━ 62.1/62.1 kB 17.4 MB/s eta 0:00:00
2025-09-14T20:56:47.5215545Z #11 2.350 Collecting regex!=2019.12.17 (from diffusers==0.24.0->-r /tmp/requirements.txt (line 4))
2025-09-14T20:56:47.6876716Z #11 2.357   Downloading regex-2025.9.1-cp311-cp311-manylinux2014_x86_64.manylinux_2_17_x86_64.manylinux_2_28_x86_64.whl.metadata (40 kB)
2025-09-14T20:56:47.6877758Z #11 2.361      ━━━━━━━━━━━━━━━━━━━━━━━━━━━━━━━━━━━━━━━━ 40.5/40.5 kB 11.6 MB/s eta 0:00:00
2025-09-14T20:56:47.6878495Z #11 2.365 Requirement already satisfied: requests in /usr/local/lib/python3.11/site-packages (from diffusers==0.24.0->-r /tmp/requirements.txt (line 4)) (2.32.5)
2025-09-14T20:56:47.7808359Z #11 2.609 Collecting packaging>=20.0 (from transformers==4.37.2->-r /tmp/requirements.txt (line 5))
2025-09-14T20:56:47.9430657Z #11 2.616   Downloading packaging-25.0-py3-none-any.whl.metadata (3.3 kB)
2025-09-14T20:56:47.9431504Z #11 2.621 Requirement already satisfied: pyyaml>=5.1 in /usr/local/lib/python3.11/site-packages (from transformers==4.37.2->-r /tmp/requirements.txt (line 5)) (6.0.2)
2025-09-14T20:56:47.9572034Z #11 2.785 Collecting tokenizers<0.19,>=0.14 (from transformers==4.37.2->-r /tmp/requirements.txt (line 5))
2025-09-14T20:56:48.1364730Z #11 2.797   Downloading tokenizers-0.15.2-cp311-cp311-manylinux_2_17_x86_64.manylinux2014_x86_64.whl.metadata (6.7 kB)
2025-09-14T20:56:48.1366961Z #11 2.862 Collecting tqdm>=4.27 (from transformers==4.37.2->-r /tmp/requirements.txt (line 5))
2025-09-14T20:56:48.1367924Z #11 2.870   Downloading tqdm-4.67.1-py3-none-any.whl.metadata (57 kB)
2025-09-14T20:56:48.1369037Z #11 2.875      ━━━━━━━━━━━━━━━━━━━━━━━━━━━━━━━━━━━━━━━━ 57.7/57.7 kB 12.3 MB/s eta 0:00:00
2025-09-14T20:56:48.1370256Z #11 2.965 Collecting fsspec>=2023.5.0 (from huggingface-hub==0.20.3->-r /tmp/requirements.txt (line 6))
2025-09-14T20:56:48.2764237Z #11 2.972   Downloading fsspec-2025.9.0-py3-none-any.whl.metadata (10 kB)
2025-09-14T20:56:48.2765716Z #11 2.990 Requirement already satisfied: typing-extensions>=3.7.4.3 in /usr/local/lib/python3.11/site-packages (from huggingface-hub==0.20.3->-r /tmp/requirements.txt (line 6)) (4.15.0)
2025-09-14T20:56:48.2767233Z #11 3.105 Collecting psutil (from accelerate==0.27.2->-r /tmp/requirements.txt (line 7))
2025-09-14T20:56:48.3958361Z #11 3.113   Downloading psutil-7.0.0-cp36-abi3-manylinux_2_12_x86_64.manylinux2010_x86_64.manylinux_2_17_x86_64.manylinux2014_x86_64.whl.metadata (22 kB)
2025-09-14T20:56:48.3959643Z #11 3.180 Collecting sympy>=1.13.3 (from torch->-r /tmp/requirements.txt (line 1))
2025-09-14T20:56:48.3960468Z #11 3.187   Downloading sympy-1.14.0-py3-none-any.whl.metadata (12 kB)
2025-09-14T20:56:48.3961278Z #11 3.224 Collecting networkx (from torch->-r /tmp/requirements.txt (line 1))
2025-09-14T20:56:48.4986062Z #11 3.231   Downloading networkx-3.5-py3-none-any.whl.metadata (6.3 kB)
2025-09-14T20:56:48.4986871Z #11 3.261 Collecting jinja2 (from torch->-r /tmp/requirements.txt (line 1))
2025-09-14T20:56:48.4987460Z #11 3.268   Downloading jinja2-3.1.6-py3-none-any.whl.metadata (2.9 kB)
2025-09-14T20:56:48.4988102Z #11 3.295 Collecting nvidia-cuda-nvrtc-cu12==12.8.93 (from torch->-r /tmp/requirements.txt (line 1))
2025-09-14T20:56:48.4988906Z #11 3.303   Downloading nvidia_cuda_nvrtc_cu12-12.8.93-py3-none-manylinux2010_x86_64.manylinux_2_12_x86_64.whl.metadata (1.7 kB)
2025-09-14T20:56:48.4989718Z #11 3.327 Collecting nvidia-cuda-runtime-cu12==12.8.90 (from torch->-r /tmp/requirements.txt (line 1))
2025-09-14T20:56:48.6025603Z #11 3.334   Downloading nvidia_cuda_runtime_cu12-12.8.90-py3-none-manylinux2014_x86_64.manylinux_2_17_x86_64.whl.metadata (1.7 kB)
2025-09-14T20:56:48.6026528Z #11 3.358 Collecting nvidia-cuda-cupti-cu12==12.8.90 (from torch->-r /tmp/requirements.txt (line 1))
2025-09-14T20:56:48.6027692Z #11 3.365   Downloading nvidia_cuda_cupti_cu12-12.8.90-py3-none-manylinux2014_x86_64.manylinux_2_17_x86_64.whl.metadata (1.7 kB)
2025-09-14T20:56:48.6028484Z #11 3.395 Collecting nvidia-cudnn-cu12==9.10.2.21 (from torch->-r /tmp/requirements.txt (line 1))
2025-09-14T20:56:48.6029162Z #11 3.402   Downloading nvidia_cudnn_cu12-9.10.2.21-py3-none-manylinux_2_27_x86_64.whl.metadata (1.8 kB)
2025-09-14T20:56:48.6029876Z #11 3.431 Collecting nvidia-cublas-cu12==12.8.4.1 (from torch->-r /tmp/requirements.txt (line 1))
2025-09-14T20:56:48.7312052Z #11 3.438   Downloading nvidia_cublas_cu12-12.8.4.1-py3-none-manylinux_2_27_x86_64.whl.metadata (1.7 kB)
2025-09-14T20:56:48.7314360Z #11 3.523 Collecting nvidia-cufft-cu12==11.3.3.83 (from torch->-r /tmp/requirements.txt (line 1))
2025-09-14T20:56:48.7315555Z #11 3.530   Downloading nvidia_cufft_cu12-11.3.3.83-py3-none-manylinux2014_x86_64.manylinux_2_17_x86_64.whl.metadata (1.7 kB)
2025-09-14T20:56:48.7317047Z #11 3.559 Collecting nvidia-curand-cu12==10.3.9.90 (from torch->-r /tmp/requirements.txt (line 1))
2025-09-14T20:56:48.8538769Z #11 3.567   Downloading nvidia_curand_cu12-10.3.9.90-py3-none-manylinux_2_27_x86_64.whl.metadata (1.7 kB)
2025-09-14T20:56:48.8540800Z #11 3.591 Collecting nvidia-cusolver-cu12==11.7.3.90 (from torch->-r /tmp/requirements.txt (line 1))
2025-09-14T20:56:48.8541912Z #11 3.598   Downloading nvidia_cusolver_cu12-11.7.3.90-py3-none-manylinux_2_27_x86_64.whl.metadata (1.8 kB)
2025-09-14T20:56:48.8542970Z #11 3.621 Collecting nvidia-cusparse-cu12==12.5.8.93 (from torch->-r /tmp/requirements.txt (line 1))
2025-09-14T20:56:48.8544450Z #11 3.630   Downloading nvidia_cusparse_cu12-12.5.8.93-py3-none-manylinux2014_x86_64.manylinux_2_17_x86_64.whl.metadata (1.8 kB)
2025-09-14T20:56:48.8545586Z #11 3.649 Collecting nvidia-cusparselt-cu12==0.7.1 (from torch->-r /tmp/requirements.txt (line 1))
2025-09-14T20:56:48.8546588Z #11 3.657   Downloading nvidia_cusparselt_cu12-0.7.1-py3-none-manylinux2014_x86_64.whl.metadata (7.0 kB)
2025-09-14T20:56:48.8547449Z #11 3.682 Collecting nvidia-nccl-cu12==2.27.3 (from torch->-r /tmp/requirements.txt (line 1))
2025-09-14T20:56:48.9747932Z #11 3.690   Downloading nvidia_nccl_cu12-2.27.3-py3-none-manylinux2014_x86_64.manylinux_2_17_x86_64.whl.metadata (2.0 kB)
2025-09-14T20:56:48.9749975Z #11 3.716 Collecting nvidia-nvtx-cu12==12.8.90 (from torch->-r /tmp/requirements.txt (line 1))
2025-09-14T20:56:48.9751106Z #11 3.724   Downloading nvidia_nvtx_cu12-12.8.90-py3-none-manylinux2014_x86_64.manylinux_2_17_x86_64.whl.metadata (1.8 kB)
2025-09-14T20:56:48.9752229Z #11 3.749 Collecting nvidia-nvjitlink-cu12==12.8.93 (from torch->-r /tmp/requirements.txt (line 1))
2025-09-14T20:56:48.9752958Z #11 3.757   Downloading nvidia_nvjitlink_cu12-12.8.93-py3-none-manylinux2010_x86_64.manylinux_2_12_x86_64.whl.metadata (1.7 kB)
2025-09-14T20:56:48.9753873Z #11 3.779 Collecting nvidia-cufile-cu12==1.13.1.3 (from torch->-r /tmp/requirements.txt (line 1))
2025-09-14T20:56:48.9754666Z #11 3.803   Downloading nvidia_cufile_cu12-1.13.1.3-py3-none-manylinux2014_x86_64.manylinux_2_17_x86_64.whl.metadata (1.7 kB)
2025-09-14T20:56:49.1970450Z #11 3.828 Collecting triton==3.4.0 (from torch->-r /tmp/requirements.txt (line 1))
2025-09-14T20:56:49.1971295Z #11 3.836   Downloading triton-3.4.0-cp311-cp311-manylinux_2_27_x86_64.manylinux_2_28_x86_64.whl.metadata (1.7 kB)
2025-09-14T20:56:49.1972209Z #11 3.878 Requirement already satisfied: setuptools>=40.8.0 in /usr/local/lib/python3.11/site-packages (from triton==3.4.0->torch->-r /tmp/requirements.txt (line 1)) (65.5.1)
2025-09-14T20:56:49.1973057Z #11 4.025 Collecting mpmath<1.4,>=1.1.0 (from sympy>=1.13.3->torch->-r /tmp/requirements.txt (line 1))
2025-09-14T20:56:49.2979288Z #11 4.032   Downloading mpmath-1.3.0-py3-none-any.whl.metadata (8.6 kB)
2025-09-14T20:56:49.2980244Z #11 4.119 Collecting zipp>=3.20 (from importlib-metadata->diffusers==0.24.0->-r /tmp/requirements.txt (line 4))
2025-09-14T20:56:49.2980873Z #11 4.126   Downloading zipp-3.23.0-py3-none-any.whl.metadata (3.6 kB)
2025-09-14T20:56:49.4251212Z #11 4.194 Collecting MarkupSafe>=2.0 (from jinja2->torch->-r /tmp/requirements.txt (line 1))
2025-09-14T20:56:49.4252260Z #11 4.202   Downloading MarkupSafe-3.0.2-cp311-cp311-manylinux_2_17_x86_64.manylinux2014_x86_64.whl.metadata (4.0 kB)
2025-09-14T20:56:49.4253292Z #11 4.253 Requirement already satisfied: charset_normalizer<4,>=2 in /usr/local/lib/python3.11/site-packages (from requests->diffusers==0.24.0->-r /tmp/requirements.txt (line 4)) (3.4.3)
2025-09-14T20:56:49.5567011Z #11 4.255 Requirement already satisfied: idna<4,>=2.5 in /usr/local/lib/python3.11/site-packages (from requests->diffusers==0.24.0->-r /tmp/requirements.txt (line 4)) (3.10)
2025-09-14T20:56:49.5569014Z #11 4.256 Requirement already satisfied: urllib3<3,>=1.21.1 in /usr/local/lib/python3.11/site-packages (from requests->diffusers==0.24.0->-r /tmp/requirements.txt (line 4)) (2.5.0)
2025-09-14T20:56:49.5571331Z #11 4.257 Requirement already satisfied: certifi>=2017.4.17 in /usr/local/lib/python3.11/site-packages (from requests->diffusers==0.24.0->-r /tmp/requirements.txt (line 4)) (2025.8.3)
2025-09-14T20:56:49.5572688Z #11 4.348 Downloading diffusers-0.24.0-py3-none-any.whl (1.8 MB)
2025-09-14T20:56:49.6638934Z #11 4.385    ━━━━━━━━━━━━━━━━━━━━━━━━━━━━━━━━━━━━━━━━ 1.8/1.8 MB 50.6 MB/s eta 0:00:00
2025-09-14T20:56:49.6639683Z #11 4.394 Downloading transformers-4.37.2-py3-none-any.whl (8.4 MB)
2025-09-14T20:56:49.6640532Z #11 4.455    ━━━━━━━━━━━━━━━━━━━━━━━━━━━━━━━━━━━━━━━━ 8.4/8.4 MB 141.3 MB/s eta 0:00:00
2025-09-14T20:56:49.6641235Z #11 4.463 Downloading huggingface_hub-0.20.3-py3-none-any.whl (330 kB)
2025-09-14T20:56:49.6641848Z #11 4.469    ━━━━━━━━━━━━━━━━━━━━━━━━━━━━━━━━━━━━━━━━ 330.1/330.1 kB 72.5 MB/s eta 0:00:00
2025-09-14T20:56:49.6642278Z #11 4.478 Downloading accelerate-0.27.2-py3-none-any.whl (279 kB)
2025-09-14T20:56:49.6642816Z #11 4.483    ━━━━━━━━━━━━━━━━━━━━━━━━━━━━━━━━━━━━━━━━ 280.0/280.0 kB 72.5 MB/s eta 0:00:00
2025-09-14T20:56:49.6643454Z #11 4.492 Downloading pydantic-1.10.13-cp311-cp311-manylinux_2_17_x86_64.manylinux2014_x86_64.whl (3.1 MB)
2025-09-14T20:56:49.8441455Z #11 4.514    ━━━━━━━━━━━━━━━━━━━━━━━━━━━━━━━━━━━━━━━━ 3.1/3.1 MB 153.5 MB/s eta 0:00:00
2025-09-14T20:56:49.8441961Z #11 4.522 Downloading torch-2.8.0-cp311-cp311-manylinux_2_28_x86_64.whl (888.1 MB)
2025-09-14T20:56:59.1308674Z #11 13.80    ━━━━━━━━━━━━━━━━━━━━━━━━━━━━━━━━━━━━━━━━ 888.1/888.1 MB 2.7 MB/s eta 0:00:00
2025-09-14T20:56:59.1309625Z #11 13.81 Downloading nvidia_cublas_cu12-12.8.4.1-py3-none-manylinux_2_27_x86_64.whl (594.3 MB)
2025-09-14T20:57:04.9902107Z #11 19.58    ━━━━━━━━━━━━━━━━━━━━━━━━━━━━━━━━━━━━━━━━ 594.3/594.3 MB 4.3 MB/s eta 0:00:00
2025-09-14T20:57:04.9903013Z #11 19.59 Downloading nvidia_cuda_cupti_cu12-12.8.90-py3-none-manylinux2014_x86_64.manylinux_2_17_x86_64.whl (10.2 MB)
2025-09-14T20:57:04.9903929Z #11 19.66    ━━━━━━━━━━━━━━━━━━━━━━━━━━━━━━━━━━━━━━━━ 10.2/10.2 MB 155.3 MB/s eta 0:00:00
2025-09-14T20:57:04.9904551Z #11 19.67 Downloading nvidia_cuda_nvrtc_cu12-12.8.93-py3-none-manylinux2010_x86_64.manylinux_2_12_x86_64.whl (88.0 MB)
2025-09-14T20:57:05.6336890Z #11 20.28    ━━━━━━━━━━━━━━━━━━━━━━━━━━━━━━━━━━━━━━━━ 88.0/88.0 MB 60.0 MB/s eta 0:00:00
2025-09-14T20:57:05.6337554Z #11 20.29 Downloading nvidia_cuda_runtime_cu12-12.8.90-py3-none-manylinux2014_x86_64.manylinux_2_17_x86_64.whl (954 kB)
2025-09-14T20:57:05.6338212Z #11 20.30    ━━━━━━━━━━━━━━━━━━━━━━━━━━━━━━━━━━━━━━━ 954.8/954.8 kB 103.3 MB/s eta 0:00:00
2025-09-14T20:57:05.6338674Z #11 20.31 Downloading nvidia_cudnn_cu12-9.10.2.21-py3-none-manylinux_2_27_x86_64.whl (706.8 MB)
2025-09-14T20:57:13.1165016Z #11 27.79    ━━━━━━━━━━━━━━━━━━━━━━━━━━━━━━━━━━━━━━━━ 706.8/706.8 MB 3.2 MB/s eta 0:00:00
2025-09-14T20:57:13.1165624Z #11 27.79 Downloading nvidia_cufft_cu12-11.3.3.83-py3-none-manylinux2014_x86_64.manylinux_2_17_x86_64.whl (193.1 MB)
2025-09-14T20:57:14.8291205Z #11 29.48    ━━━━━━━━━━━━━━━━━━━━━━━━━━━━━━━━━━━━━━━━ 193.1/193.1 MB 23.9 MB/s eta 0:00:00
2025-09-14T20:57:14.8292350Z #11 29.49 Downloading nvidia_cufile_cu12-1.13.1.3-py3-none-manylinux2014_x86_64.manylinux_2_17_x86_64.whl (1.2 MB)
2025-09-14T20:57:14.8294199Z #11 29.50    ━━━━━━━━━━━━━━━━━━━━━━━━━━━━━━━━━━━━━━━━ 1.2/1.2 MB 116.6 MB/s eta 0:00:00
2025-09-14T20:57:14.8295033Z #11 29.51 Downloading nvidia_curand_cu12-10.3.9.90-py3-none-manylinux_2_27_x86_64.whl (63.6 MB)
2025-09-14T20:57:15.3255698Z #11 29.99    ━━━━━━━━━━━━━━━━━━━━━━━━━━━━━━━━━━━━━━━━ 63.6/63.6 MB 71.9 MB/s eta 0:00:00
2025-09-14T20:57:15.3256282Z #11 30.00 Downloading nvidia_cusolver_cu12-11.7.3.90-py3-none-manylinux_2_27_x86_64.whl (267.5 MB)
2025-09-14T20:57:18.0724760Z #11 32.74    ━━━━━━━━━━━━━━━━━━━━━━━━━━━━━━━━━━━━━━━━ 267.5/267.5 MB 8.6 MB/s eta 0:00:00
2025-09-14T20:57:18.0725837Z #11 32.75 Downloading nvidia_cusparse_cu12-12.5.8.93-py3-none-manylinux2014_x86_64.manylinux_2_17_x86_64.whl (288.2 MB)
2025-09-14T20:57:21.1837717Z #11 35.85    ━━━━━━━━━━━━━━━━━━━━━━━━━━━━━━━━━━━━━━━━ 288.2/288.2 MB 8.1 MB/s eta 0:00:00
2025-09-14T20:57:21.1838684Z #11 35.86 Downloading nvidia_cusparselt_cu12-0.7.1-py3-none-manylinux2014_x86_64.whl (287.2 MB)
2025-09-14T20:57:24.9326672Z #11 39.60    ━━━━━━━━━━━━━━━━━━━━━━━━━━━━━━━━━━━━━━━━ 287.2/287.2 MB 5.2 MB/s eta 0:00:00
2025-09-14T20:57:24.9327322Z #11 39.61 Downloading nvidia_nccl_cu12-2.27.3-py3-none-manylinux2014_x86_64.manylinux_2_17_x86_64.whl (322.4 MB)
2025-09-14T20:57:28.0470730Z #11 42.72    ━━━━━━━━━━━━━━━━━━━━━━━━━━━━━━━━━━━━━━━━ 322.4/322.4 MB 7.8 MB/s eta 0:00:00
2025-09-14T20:57:28.0471772Z #11 42.72 Downloading nvidia_nvjitlink_cu12-12.8.93-py3-none-manylinux2010_x86_64.manylinux_2_12_x86_64.whl (39.3 MB)
2025-09-14T20:57:28.3117096Z #11 42.97    ━━━━━━━━━━━━━━━━━━━━━━━━━━━━━━━━━━━━━━━━ 39.3/39.3 MB 108.9 MB/s eta 0:00:00
2025-09-14T20:57:28.3118999Z #11 42.98 Downloading nvidia_nvtx_cu12-12.8.90-py3-none-manylinux2014_x86_64.manylinux_2_17_x86_64.whl (89 kB)
2025-09-14T20:57:28.3120727Z #11 42.98    ━━━━━━━━━━━━━━━━━━━━━━━━━━━━━━━━━━━━━━━━ 90.0/90.0 kB 22.5 MB/s eta 0:00:00
2025-09-14T20:57:28.3123019Z #11 42.99 Downloading triton-3.4.0-cp311-cp311-manylinux_2_27_x86_64.manylinux_2_28_x86_64.whl (155.5 MB)
2025-09-14T20:57:29.9118567Z #11 44.61    ━━━━━━━━━━━━━━━━━━━━━━━━━━━━━━━━━━━━━━━━ 155.5/155.5 MB 30.9 MB/s eta 0:00:00
2025-09-14T20:57:29.9119106Z #11 44.62 Downloading torchvision-0.23.0-cp311-cp311-manylinux_2_28_x86_64.whl (8.6 MB)
2025-09-14T20:57:29.9119666Z #11 44.70    ━━━━━━━━━━━━━━━━━━━━━━━━━━━━━━━━━━━━━━━━ 8.6/8.6 MB 120.8 MB/s eta 0:00:00
2025-09-14T20:57:29.9120099Z #11 44.71 Downloading torchaudio-2.8.0-cp311-cp311-manylinux_2_28_x86_64.whl (4.0 MB)
2025-09-14T20:57:30.0129956Z #11 44.74    ━━━━━━━━━━━━━━━━━━━━━━━━━━━━━━━━━━━━━━━━ 4.0/4.0 MB 133.9 MB/s eta 0:00:00
2025-09-14T20:57:30.0130843Z #11 44.75 Downloading safetensors-0.6.2-cp38-abi3-manylinux_2_17_x86_64.manylinux2014_x86_64.whl (485 kB)
2025-09-14T20:57:30.0131613Z #11 44.75    ━━━━━━━━━━━━━━━━━━━━━━━━━━━━━━━━━━━━━━━━ 485.8/485.8 kB 98.1 MB/s eta 0:00:00
2025-09-14T20:57:30.0132134Z #11 44.76 Downloading pillow-11.3.0-cp311-cp311-manylinux_2_27_x86_64.manylinux_2_28_x86_64.whl (6.6 MB)
2025-09-14T20:57:30.0133059Z #11 44.82    ━━━━━━━━━━━━━━━━━━━━━━━━━━━━━━━━━━━━━━━━ 6.6/6.6 MB 126.2 MB/s eta 0:00:00
2025-09-14T20:57:30.0133416Z #11 44.82 Downloading einops-0.8.1-py3-none-any.whl (64 kB)
2025-09-14T20:57:30.0134318Z #11 44.83    ━━━━━━━━━━━━━━━━━━━━━━━━━━━━━━━━━━━━━━━━ 64.4/64.4 kB 23.5 MB/s eta 0:00:00
2025-09-14T20:57:30.0134696Z #11 44.84 Downloading fsspec-2025.9.0-py3-none-any.whl (199 kB)
2025-09-14T20:57:30.1346305Z #11 44.84    ━━━━━━━━━━━━━━━━━━━━━━━━━━━━━━━━━━━━━━━━ 199.3/199.3 kB 60.2 MB/s eta 0:00:00
2025-09-14T20:57:30.1347216Z #11 44.85 Downloading numpy-2.3.3-cp311-cp311-manylinux_2_27_x86_64.manylinux_2_28_x86_64.whl (16.9 MB)
2025-09-14T20:57:30.2585558Z #11 44.96    ━━━━━━━━━━━━━━━━━━━━━━━━━━━━━━━━━━━━━━━━ 16.9/16.9 MB 136.6 MB/s eta 0:00:00
2025-09-14T20:57:30.2587028Z #11 44.97 Downloading packaging-25.0-py3-none-any.whl (66 kB)
2025-09-14T20:57:30.2587990Z #11 44.98    ━━━━━━━━━━━━━━━━━━━━━━━━━━━━━━━━━━━━━━━━ 66.5/66.5 kB 20.4 MB/s eta 0:00:00
2025-09-14T20:57:30.2589066Z #11 44.98 Downloading regex-2025.9.1-cp311-cp311-manylinux2014_x86_64.manylinux_2_17_x86_64.manylinux_2_28_x86_64.whl (798 kB)
2025-09-14T20:57:30.2589798Z #11 45.00    ━━━━━━━━━━━━━━━━━━━━━━━━━━━━━━━━━━━━━━━━ 799.0/799.0 kB 78.5 MB/s eta 0:00:00
2025-09-14T20:57:30.2590166Z #11 45.00 Downloading sympy-1.14.0-py3-none-any.whl (6.3 MB)
2025-09-14T20:57:30.2590603Z #11 45.05    ━━━━━━━━━━━━━━━━━━━━━━━━━━━━━━━━━━━━━━━━ 6.3/6.3 MB 146.6 MB/s eta 0:00:00
2025-09-14T20:57:30.2591089Z #11 45.06 Downloading tokenizers-0.15.2-cp311-cp311-manylinux_2_17_x86_64.manylinux2014_x86_64.whl (3.6 MB)
2025-09-14T20:57:30.3618104Z #11 45.09    ━━━━━━━━━━━━━━━━━━━━━━━━━━━━━━━━━━━━━━━━ 3.6/3.6 MB 132.1 MB/s eta 0:00:00
2025-09-14T20:57:30.3619759Z #11 45.09 Downloading tqdm-4.67.1-py3-none-any.whl (78 kB)
2025-09-14T20:57:30.3620601Z #11 45.10    ━━━━━━━━━━━━━━━━━━━━━━━━━━━━━━━━━━━━━━━━ 78.5/78.5 kB 26.9 MB/s eta 0:00:00
2025-09-14T20:57:30.3621165Z #11 45.11 Downloading filelock-3.19.1-py3-none-any.whl (15 kB)
2025-09-14T20:57:30.3621934Z #11 45.12 Downloading importlib_metadata-8.7.0-py3-none-any.whl (27 kB)
2025-09-14T20:57:30.3622622Z #11 45.13 Downloading jinja2-3.1.6-py3-none-any.whl (134 kB)
2025-09-14T20:57:30.3623453Z #11 45.13    ━━━━━━━━━━━━━━━━━━━━━━━━━━━━━━━━━━━━━━━━ 134.9/134.9 kB 33.9 MB/s eta 0:00:00
2025-09-14T20:57:30.3624347Z #11 45.14 Downloading networkx-3.5-py3-none-any.whl (2.0 MB)
2025-09-14T20:57:30.3625133Z #11 45.16    ━━━━━━━━━━━━━━━━━━━━━━━━━━━━━━━━━━━━━━━━ 2.0/2.0 MB 133.1 MB/s eta 0:00:00
2025-09-14T20:57:30.3626134Z #11 45.16 Downloading psutil-7.0.0-cp36-abi3-manylinux_2_12_x86_64.manylinux2010_x86_64.manylinux_2_17_x86_64.manylinux2014_x86_64.whl (277 kB)
2025-09-14T20:57:30.3627363Z #11 45.17    ━━━━━━━━━━━━━━━━━━━━━━━━━━━━━━━━━━━━━━━━ 278.0/278.0 kB 73.6 MB/s eta 0:00:00
2025-09-14T20:57:30.3628231Z #11 45.18 Downloading MarkupSafe-3.0.2-cp311-cp311-manylinux_2_17_x86_64.manylinux2014_x86_64.whl (23 kB)
2025-09-14T20:57:30.3629103Z #11 45.19 Downloading mpmath-1.3.0-py3-none-any.whl (536 kB)
2025-09-14T20:57:30.5279115Z #11 45.20    ━━━━━━━━━━━━━━━━━━━━━━━━━━━━━━━━━━━━━━━━ 536.2/536.2 kB 82.3 MB/s eta 0:00:00
2025-09-14T20:57:30.5279775Z #11 45.21 Downloading zipp-3.23.0-py3-none-any.whl (10 kB)
2025-09-14T20:57:34.9522238Z #11 49.78 Installing collected packages: nvidia-cusparselt-cu12, mpmath, zipp, triton, tqdm, sympy, safetensors, regex, pydantic, psutil, pillow, packaging, nvidia-nvtx-cu12, nvidia-nvjitlink-cu12, nvidia-nccl-cu12, nvidia-curand-cu12, nvidia-cufile-cu12, nvidia-cuda-runtime-cu12, nvidia-cuda-nvrtc-cu12, nvidia-cuda-cupti-cu12, nvidia-cublas-cu12, numpy, networkx, MarkupSafe, fsspec, filelock, einops, nvidia-cusparse-cu12, nvidia-cufft-cu12, nvidia-cudnn-cu12, jinja2, importlib-metadata, huggingface-hub, tokenizers, nvidia-cusolver-cu12, diffusers, transformers, torch, torchvision, torchaudio, accelerate
2025-09-14T20:57:44.4037395Z #11 59.23   Attempting uninstall: pydantic
2025-09-14T20:57:44.5798238Z #11 59.24     Found existing installation: pydantic 2.11.9
2025-09-14T20:57:44.5799164Z #11 59.25     Uninstalling pydantic-2.11.9:
2025-09-14T20:57:44.5799513Z #11 59.26       Successfully uninstalled pydantic-2.11.9
2025-09-14T20:58:35.9994380Z #11 110.8 Successfully installed MarkupSafe-3.0.2 accelerate-0.27.2 diffusers-0.24.0 einops-0.8.1 filelock-3.19.1 fsspec-2025.9.0 huggingface-hub-0.20.3 importlib-metadata-8.7.0 jinja2-3.1.6 mpmath-1.3.0 networkx-3.5 numpy-2.3.3 nvidia-cublas-cu12-12.8.4.1 nvidia-cuda-cupti-cu12-12.8.90 nvidia-cuda-nvrtc-cu12-12.8.93 nvidia-cuda-runtime-cu12-12.8.90 nvidia-cudnn-cu12-9.10.2.21 nvidia-cufft-cu12-11.3.3.83 nvidia-cufile-cu12-1.13.1.3 nvidia-curand-cu12-10.3.9.90 nvidia-cusolver-cu12-11.7.3.90 nvidia-cusparse-cu12-12.5.8.93 nvidia-cusparselt-cu12-0.7.1 nvidia-nccl-cu12-2.27.3 nvidia-nvjitlink-cu12-12.8.93 nvidia-nvtx-cu12-12.8.90 packaging-25.0 pillow-11.3.0 psutil-7.0.0 pydantic-1.10.13 regex-2025.9.1 safetensors-0.6.2 sympy-1.14.0 tokenizers-0.15.2 torch-2.8.0 torchaudio-2.8.0 torchvision-0.23.0 tqdm-4.67.1 transformers-4.37.2 triton-3.4.0 zipp-3.23.0
2025-09-14T20:58:36.1071711Z #11 110.8 WARNING: Running pip as the 'root' user can result in broken permissions and conflicting behaviour with the system package manager. It is recommended to use a virtual environment instead: https://pip.pypa.io/warnings/venv
2025-09-14T20:58:36.1073093Z #11 110.9 
2025-09-14T20:58:36.1073454Z #11 110.9 [notice] A new release of pip is available: 24.0 -> 25.2
2025-09-14T20:58:36.1074210Z #11 110.9 [notice] To update, run: pip install --upgrade pip
2025-09-14T20:58:40.4998785Z #11 DONE 115.3s
2025-09-14T20:58:40.6974640Z 
2025-09-14T20:58:40.6975216Z #12 [stage-0 6/7] WORKDIR /src
2025-09-14T20:58:40.6975640Z #12 DONE 0.0s
2025-09-14T20:58:40.6975820Z 
2025-09-14T20:58:40.6975957Z #13 [stage-0 7/7] COPY . /src
2025-09-14T20:58:40.6976304Z #13 DONE 0.0s
2025-09-14T20:58:40.6976476Z 
2025-09-14T20:58:40.6976600Z #14 exporting to image
2025-09-14T20:58:40.6976920Z #14 exporting layers
2025-09-14T20:58:58.0054806Z #14 exporting layers 17.5s done
2025-09-14T20:58:58.0311966Z #14 preparing layers for inline cache done
2025-09-14T20:58:58.0312863Z #14 writing image sha256:b59371a8b568d28eafcc5bcae5f7df3d85069a3833fb23906f6a826aba918912 done
2025-09-14T20:58:58.0313934Z #14 naming to r8.im/panpetos/guillotine-inpaint done
2025-09-14T20:58:58.0314375Z #14 DONE 17.5s
2025-09-14T20:58:58.0315116Z Validating model schema...
2025-09-14T20:58:58.7924919Z Adding labels to image...
2025-09-14T20:59:00.5637504Z #1 [internal] load build definition from Dockerfile
2025-09-14T20:59:00.5638127Z #1 transferring dockerfile: 111B done
2025-09-14T20:59:00.5638533Z #1 DONE 0.0s
2025-09-14T20:59:00.5638712Z 
2025-09-14T20:59:00.5639021Z #2 [internal] load metadata for r8.im/panpetos/guillotine-inpaint:latest
2025-09-14T20:59:00.5639595Z #2 DONE 0.0s
2025-09-14T20:59:00.5639761Z 
2025-09-14T20:59:00.5639905Z #3 [internal] load .dockerignore
2025-09-14T20:59:00.5640300Z #3 transferring context: 130B done
2025-09-14T20:59:00.5640680Z #3 DONE 0.0s
2025-09-14T20:59:00.5643130Z 
2025-09-14T20:59:00.5643294Z #4 [internal] load build context
2025-09-14T20:59:00.5643903Z #4 transferring context: 5.70kB done
2025-09-14T20:59:00.5644262Z #4 DONE 0.0s
2025-09-14T20:59:00.5644419Z 
2025-09-14T20:59:00.5644612Z #5 [1/2] FROM r8.im/panpetos/guillotine-inpaint:latest
2025-09-14T20:59:00.5645045Z #5 DONE 0.0s
2025-09-14T20:59:00.5645197Z 
2025-09-14T20:59:00.5645357Z #6 [2/2] COPY .cog/openapi_schema.json .cog
2025-09-14T20:59:00.5645742Z #6 DONE 0.0s
2025-09-14T20:59:00.5645891Z 
2025-09-14T20:59:00.5646012Z #7 exporting to image
2025-09-14T20:59:00.5646316Z #7 exporting layers
2025-09-14T20:59:03.0447690Z #7 exporting layers 2.6s done
2025-09-14T20:59:03.0682024Z #7 preparing layers for inline cache done
2025-09-14T20:59:03.0682987Z #7 writing image sha256:4f025145342fc7390b7860ac6c603fc13bdce37c4103e2738c9d9562be663127 done
2025-09-14T20:59:03.0683946Z #7 naming to r8.im/panpetos/guillotine-inpaint done
2025-09-14T20:59:03.0684320Z #7 DONE 2.6s
2025-09-14T20:59:03.0685069Z 
2025-09-14T20:59:03.0685653Z Pushing image 'r8.im/panpetos/guillotine-inpaint'...
2025-09-14T20:59:03.1469897Z The push refers to repository [r8.im/panpetos/guillotine-inpaint]
2025-09-14T20:59:03.2193070Z 344499440eda: Preparing
2025-09-14T20:59:03.2193526Z 840c8ad56aa3: Preparing
2025-09-14T20:59:03.2194056Z 57b3db0fbff3: Preparing
2025-09-14T20:59:03.2194407Z 61d2944eba1d: Preparing
2025-09-14T20:59:03.2194746Z 9052eaab89d9: Preparing
2025-09-14T20:59:03.2194977Z 0349c94cb6e0: Preparing
2025-09-14T20:59:03.2195205Z d6f872054f8f: Preparing
2025-09-14T20:59:03.2195536Z c3aac930eee4: Preparing
2025-09-14T20:59:03.2195760Z 4a1410514db0: Preparing
2025-09-14T20:59:03.2195967Z 75786d37b5e6: Preparing
2025-09-14T20:59:03.2196268Z 927cb748937d: Preparing
2025-09-14T20:59:03.2196615Z d8d2f3f00014: Preparing
2025-09-14T20:59:03.2196943Z f9026b3a5c87: Preparing
2025-09-14T20:59:03.2197163Z 8e978485cd6d: Preparing
2025-09-14T20:59:03.2197464Z 75786d37b5e6: Waiting
2025-09-14T20:59:03.2197672Z 927cb748937d: Waiting
2025-09-14T20:59:03.2197908Z d8d2f3f00014: Waiting
2025-09-14T20:59:03.2198118Z 0349c94cb6e0: Waiting
2025-09-14T20:59:03.2198324Z f9026b3a5c87: Waiting
2025-09-14T20:59:03.2198524Z 8e978485cd6d: Waiting
2025-09-14T20:59:03.2198731Z c3aac930eee4: Waiting
2025-09-14T20:59:03.2198935Z d6f872054f8f: Waiting
2025-09-14T20:59:03.2199130Z 4a1410514db0: Waiting
2025-09-14T20:59:04.1815405Z 840c8ad56aa3: Pushed
2025-09-14T20:59:04.1931429Z 9052eaab89d9: Pushed
2025-09-14T20:59:04.2001934Z 57b3db0fbff3: Pushed
2025-09-14T20:59:04.2711202Z 344499440eda: Pushed
2025-09-14T20:59:04.3337624Z c3aac930eee4: Layer already exists
2025-09-14T20:59:04.4072547Z 4a1410514db0: Layer already exists
2025-09-14T20:59:04.4481897Z 75786d37b5e6: Layer already exists
2025-09-14T20:59:04.5205481Z 927cb748937d: Layer already exists
2025-09-14T20:59:04.5839359Z d8d2f3f00014: Layer already exists
2025-09-14T20:59:04.7142822Z 8e978485cd6d: Layer already exists
2025-09-14T20:59:04.7263734Z f9026b3a5c87: Layer already exists
2025-09-14T20:59:04.8448534Z d6f872054f8f: Pushed
2025-09-14T20:59:07.1426019Z 0349c94cb6e0: Pushed
2025-09-14T21:02:28.6744994Z 61d2944eba1d: Pushed
2025-09-14T21:02:30.3748078Z latest: digest: sha256:1756a183d26dbb1a096183fd6b026bef8715ca2a1434780818c75188817dc5e2 size: 3258
2025-09-14T21:02:30.3761386Z Image 'r8.im/panpetos/guillotine-inpaint' pushed
2025-09-14T21:02:30.3761729Z 
2025-09-14T21:02:30.3761880Z Run your model on Replicate:
2025-09-14T21:02:30.3762508Z     https://replicate.com/panpetos/guillotine-inpaint
2025-09-14T21:02:30.5813059Z Post job cleanup.
2025-09-14T21:02:30.5862304Z Post job cleanup.
2025-09-14T21:02:30.7449300Z ##[group]Cleaning up certificates
2025-09-14T21:02:30.7458210Z ##[endgroup]
2025-09-14T21:02:30.7461279Z ##[group]Post cache
2025-09-14T21:02:30.7461618Z State not set
2025-09-14T21:02:30.7462142Z ##[endgroup]
2025-09-14T21:02:30.7623048Z Post job cleanup.
2025-09-14T21:02:30.8629876Z [command]/usr/bin/git version
2025-09-14T21:02:30.8673257Z git version 2.51.0
2025-09-14T21:02:30.8719961Z Temporarily overriding HOME='/home/runner/work/_temp/6efe7972-45e0-4a75-985a-1aec46e32f28' before making global git config changes
2025-09-14T21:02:30.8721167Z Adding repository directory to the temporary git global config as a safe directory
2025-09-14T21:02:30.8726511Z [command]/usr/bin/git config --global --add safe.directory /home/runner/work/guillotine-inpaint/guillotine-inpaint
2025-09-14T21:02:30.8768753Z [command]/usr/bin/git config --local --name-only --get-regexp core\.sshCommand
2025-09-14T21:02:30.8805934Z [command]/usr/bin/git submodule foreach --recursive sh -c "git config --local --name-only --get-regexp 'core\.sshCommand' && git config --local --unset-all 'core.sshCommand' || :"
2025-09-14T21:02:30.9045124Z [command]/usr/bin/git config --local --name-only --get-regexp http\.https\:\/\/github\.com\/\.extraheader
2025-09-14T21:02:30.9067775Z http.https://github.com/.extraheader
2025-09-14T21:02:30.9080157Z [command]/usr/bin/git config --local --unset-all http.https://github.com/.extraheader
2025-09-14T21:02:30.9112520Z [command]/usr/bin/git submodule foreach --recursive sh -c "git config --local --name-only --get-regexp 'http\.https\:\/\/github\.com\/\.extraheader' && git config --local --unset-all 'http.https://github.com/.extraheader' || :"
2025-09-14T21:02:30.9452946Z Cleaning up orphan processes
